<html>
<body>
<pre>
<h1>礦ision Build Log</h1>
<h2>Tool Versions:</h2>
IDE-Version: μVision V5.26.2.0
Copyright (C) 2018 ARM Ltd and ARM Germany GmbH. All rights reserved.
License Information: Eric Lei, SJTU, LIC=FYKMM-XL3NL-ZW52V-PRPML-DVAYV-PB11B
 
Tool Versions:
Toolchain:       MDK-ARM Plus  Version: 5.26.2.0
Toolchain Path:  C:\Keil_v5\ARM\ARMCC\Bin
C Compiler:      Armcc.exe V5.06 update 6 (build 750)
Assembler:       Armasm.exe V5.06 update 6 (build 750)
Linker/Locator:  ArmLink.exe V5.06 update 6 (build 750)
Library Manager: ArmAr.exe V5.06 update 6 (build 750)
Hex Converter:   FromElf.exe V5.06 update 6 (build 750)
CPU DLL:         SARMCM3.DLL V5.26.2.0
Dialog DLL:      DCM.DLL V1.17.2.0
Target DLL:      STLink\ST-LINKIII-KEIL_SWO.dll V3.0.5.0
Dialog DLL:      TCM.DLL V1.36.1.0
 
<h2>Project:</h2>
D:\thesis_hardware\AGV加工\调试代码\限位\AGV_STM32_F1\MDK-ARM\AGV_control.uvprojx
Project File Date:  04/03/2021

<h2>Output:</h2>
*** Using Compiler 'V5.06 update 6 (build 750)', folder: 'C:\Keil_v5\ARM\ARMCC\Bin'
Rebuild target 'SuperWave'
assembling startup_stm32f10x_hd.s...
compiling core_cm3.c...
compiling system_stm32f10x.c...
compiling stm32f10x_dbgmcu.c...
compiling stm32f10x_adc.c...
compiling misc.c...
compiling stm32f10x_cec.c...
compiling stm32f10x_bkp.c...
compiling stm32f10x_dma.c...
compiling stm32f10x_crc.c...
compiling stm32f10x_exti.c...
compiling stm32f10x_dac.c...
compiling stm32f10x_can.c...
compiling stm32f10x_flash.c...
compiling stm32f10x_gpio.c...
compiling stm32f10x_iwdg.c...
compiling stm32f10x_pwr.c...
compiling stm32f10x_fsmc.c...
compiling stm32f10x_i2c.c...
compiling stm32f10x_rcc.c...
compiling stm32f10x_wwdg.c...
compiling bitop.c...
compiling stm32f10x_rtc.c...
compiling stm32f10x_sdio.c...
compiling stm32f10x_usart.c...
compiling stm32f10x_spi.c...
compiling stm32f10x_tim.c...
compiling stm32f10x_it.c...
compiling delay.c...
compiling exti.c...
compiling key.c...
compiling led.c...
compiling tim.c...
compiling main.c...
..\USERS\Work\inc\ros_usb_usart.h(28): warning:  #1295-D: Deprecated declaration ROS_USB_USART_Send_begin - give arg types
  void ROS_USB_USART_Send_begin();
..\USERS\Work\inc\ros_usb_usart.h(29): warning:  #1295-D: Deprecated declaration mode_0 - give arg types
  void mode_0();
..\USERS\Work\inc\ros_usb_usart.h(30): warning:  #1295-D: Deprecated declaration mode_1 - give arg types
  void mode_1();
..\USERS\Work\inc\ros_usb_usart.h(31): warning:  #1295-D: Deprecated declaration flag_Cal - give arg types
  void flag_Cal();
..\USERS\Work\inc\supersonic.h(88): warning:  #1295-D: Deprecated declaration send_flag_to_ros - give arg types
  void send_flag_to_ros();
..\USERS\Work\inc\my_key.h(31): warning:  #1-D: last line of file ends without a newline
  u8 limit_Key_Scan(void);
main.c(28): warning:  #177-D: variable "t"  was declared but never referenced
  	int t=0;
main.c: 7 warnings, 0 errors
compiling main_task_tim.c...
compiling supersonic.c...
..\USERS\Work\inc\supersonic.h(88): warning:  #1295-D: Deprecated declaration send_flag_to_ros - give arg types
  void send_flag_to_ros();
..\USERS\Work\inc\ros_usb_usart.h(28): warning:  #1295-D: Deprecated declaration ROS_USB_USART_Send_begin - give arg types
  void ROS_USB_USART_Send_begin();
..\USERS\Work\inc\ros_usb_usart.h(29): warning:  #1295-D: Deprecated declaration mode_0 - give arg types
  void mode_0();
..\USERS\Work\inc\ros_usb_usart.h(30): warning:  #1295-D: Deprecated declaration mode_1 - give arg types
  void mode_1();
..\USERS\Work\inc\ros_usb_usart.h(31): warning:  #1295-D: Deprecated declaration flag_Cal - give arg types
  void flag_Cal();
..\USERS\Work\src\supersonic.c: 5 warnings, 0 errors
compiling ros_usb_usart.c...
..\USERS\Work\inc\ros_usb_usart.h(28): warning:  #1295-D: Deprecated declaration ROS_USB_USART_Send_begin - give arg types
  void ROS_USB_USART_Send_begin();
..\USERS\Work\inc\ros_usb_usart.h(29): warning:  #1295-D: Deprecated declaration mode_0 - give arg types
  void mode_0();
..\USERS\Work\inc\ros_usb_usart.h(30): warning:  #1295-D: Deprecated declaration mode_1 - give arg types
  void mode_1();
..\USERS\Work\inc\ros_usb_usart.h(31): warning:  #1295-D: Deprecated declaration flag_Cal - give arg types
  void flag_Cal();
..\USERS\Work\inc\supersonic.h(88): warning:  #1295-D: Deprecated declaration send_flag_to_ros - give arg types
  void send_flag_to_ros();
..\USERS\Work\src\ros_usb_usart.c(191): warning:  #1-D: last line of file ends without a newline
  	
..\USERS\Work\src\ros_usb_usart.c: 6 warnings, 0 errors
compiling main_task.c...
..\USERS\Work\inc\ros_usb_usart.h(28): warning:  #1295-D: Deprecated declaration ROS_USB_USART_Send_begin - give arg types
  void ROS_USB_USART_Send_begin();
..\USERS\Work\inc\ros_usb_usart.h(29): warning:  #1295-D: Deprecated declaration mode_0 - give arg types
  void mode_0();
..\USERS\Work\inc\ros_usb_usart.h(30): warning:  #1295-D: Deprecated declaration mode_1 - give arg types
  void mode_1();
..\USERS\Work\inc\ros_usb_usart.h(31): warning:  #1295-D: Deprecated declaration flag_Cal - give arg types
  void flag_Cal();
..\USERS\Work\src\main_task.c: 4 warnings, 0 errors
compiling charge_232_usart.c...
..\USERS\Work\inc\ros_usb_usart.h(28): warning:  #1295-D: Deprecated declaration ROS_USB_USART_Send_begin - give arg types
  void ROS_USB_USART_Send_begin();
..\USERS\Work\inc\ros_usb_usart.h(29): warning:  #1295-D: Deprecated declaration mode_0 - give arg types
  void mode_0();
..\USERS\Work\inc\ros_usb_usart.h(30): warning:  #1295-D: Deprecated declaration mode_1 - give arg types
  void mode_1();
..\USERS\Work\inc\ros_usb_usart.h(31): warning:  #1295-D: Deprecated declaration flag_Cal - give arg types
  void flag_Cal();
..\USERS\Work\src\charge_232_usart.c: 4 warnings, 0 errors
compiling my_key.c...
..\USERS\Work\inc\my_key.h(31): warning:  #1-D: last line of file ends without a newline
  u8 limit_Key_Scan(void);
..\USERS\Work\src\my_key.c(30): warning:  #1-D: last line of file ends without a newline
  }
..\USERS\Work\src\my_key.c: 2 warnings, 0 errors
compiling battery_state_read.c...
..\USERS\Work\src\battery_state_read.c(85): warning:  #550-D: variable "len"  was set but never used
    u8 len;	
..\USERS\Work\src\battery_state_read.c: 1 warning, 0 errors
linking...
Program Size: Code=8604 RO-data=336 RW-data=188 ZI-data=2116  
FromELF: creating hex file...
".\Objects\AGV_control.axf" - 0 Error(s), 29 Warning(s).

<h2>Software Packages used:</h2>

Package Vendor: Keil
                http://www.keil.com/pack/Keil.STM32F1xx_DFP.2.3.0.pack
                Keil.STM32F1xx_DFP.2.3.0
                STMicroelectronics STM32F1 Series Device Support, Drivers and Examples

<h2>Collection of Component include folders:</h2>
  .\RTE\_SuperWave
  C:\Keil_v5\ARM\PACK\Keil\STM32F1xx_DFP\2.3.0\Device\Include

<h2>Collection of Component Files used:</h2>
Build Time Elapsed:  00:00:03
</pre>
</body>
</html>
