Component: ARM Compiler 5.06 update 6 (build 750) Tool: armlink [4d35ed]

==============================================================================

Section Cross References

    startup_stm32f10x_hd.o(STACK) refers (Special) to heapauxi.o(.text) for __use_two_region_memory
    startup_stm32f10x_hd.o(HEAP) refers (Special) to heapauxi.o(.text) for __use_two_region_memory
    startup_stm32f10x_hd.o(RESET) refers (Special) to heapauxi.o(.text) for __use_two_region_memory
    startup_stm32f10x_hd.o(RESET) refers to startup_stm32f10x_hd.o(STACK) for __initial_sp
    startup_stm32f10x_hd.o(RESET) refers to startup_stm32f10x_hd.o(.text) for Reset_Handler
    startup_stm32f10x_hd.o(RESET) refers to stm32f10x_it.o(i.NMI_Handler) for NMI_Handler
    startup_stm32f10x_hd.o(RESET) refers to stm32f10x_it.o(i.HardFault_Handler) for HardFault_Handler
    startup_stm32f10x_hd.o(RESET) refers to stm32f10x_it.o(i.MemManage_Handler) for MemManage_Handler
    startup_stm32f10x_hd.o(RESET) refers to stm32f10x_it.o(i.BusFault_Handler) for BusFault_Handler
    startup_stm32f10x_hd.o(RESET) refers to stm32f10x_it.o(i.UsageFault_Handler) for UsageFault_Handler
    startup_stm32f10x_hd.o(RESET) refers to stm32f10x_it.o(i.SVC_Handler) for SVC_Handler
    startup_stm32f10x_hd.o(RESET) refers to stm32f10x_it.o(i.DebugMon_Handler) for DebugMon_Handler
    startup_stm32f10x_hd.o(RESET) refers to stm32f10x_it.o(i.PendSV_Handler) for PendSV_Handler
    startup_stm32f10x_hd.o(RESET) refers to stm32f10x_it.o(i.SysTick_Handler) for SysTick_Handler
    startup_stm32f10x_hd.o(RESET) refers to ros_usb_usart.o(i.USART1_IRQHandler) for USART1_IRQHandler
    startup_stm32f10x_hd.o(RESET) refers to battery_state_read.o(i.USART3_IRQHandler) for USART3_IRQHandler
    startup_stm32f10x_hd.o(RESET) refers to main_task_tim.o(i.TIM5_IRQHandler) for TIM5_IRQHandler
    startup_stm32f10x_hd.o(RESET) refers to supersonic.o(i.TIM6_IRQHandler) for TIM6_IRQHandler
    startup_stm32f10x_hd.o(.text) refers (Special) to heapauxi.o(.text) for __use_two_region_memory
    startup_stm32f10x_hd.o(.text) refers to system_stm32f10x.o(i.SystemInit) for SystemInit
    startup_stm32f10x_hd.o(.text) refers to __main.o(!!!main) for __main
    startup_stm32f10x_hd.o(.text) refers to startup_stm32f10x_hd.o(HEAP) for Heap_Mem
    startup_stm32f10x_hd.o(.text) refers to startup_stm32f10x_hd.o(STACK) for Stack_Mem
    system_stm32f10x.o(i.SetSysClock) refers to system_stm32f10x.o(i.SetSysClockTo72) for SetSysClockTo72
    system_stm32f10x.o(i.SystemCoreClockUpdate) refers to system_stm32f10x.o(.data) for SystemCoreClock
    system_stm32f10x.o(i.SystemInit) refers to system_stm32f10x.o(i.SetSysClock) for SetSysClock
    stm32f10x_adc.o(i.ADC_DeInit) refers to stm32f10x_rcc.o(i.RCC_APB2PeriphResetCmd) for RCC_APB2PeriphResetCmd
    stm32f10x_bkp.o(i.BKP_DeInit) refers to stm32f10x_rcc.o(i.RCC_BackupResetCmd) for RCC_BackupResetCmd
    stm32f10x_can.o(i.CAN_DeInit) refers to stm32f10x_rcc.o(i.RCC_APB1PeriphResetCmd) for RCC_APB1PeriphResetCmd
    stm32f10x_can.o(i.CAN_GetITStatus) refers to stm32f10x_can.o(i.CheckITStatus) for CheckITStatus
    stm32f10x_cec.o(i.CEC_DeInit) refers to stm32f10x_rcc.o(i.RCC_APB1PeriphResetCmd) for RCC_APB1PeriphResetCmd
    stm32f10x_dac.o(i.DAC_DeInit) refers to stm32f10x_rcc.o(i.RCC_APB1PeriphResetCmd) for RCC_APB1PeriphResetCmd
    stm32f10x_flash.o(i.FLASH_EnableWriteProtection) refers to stm32f10x_flash.o(i.FLASH_WaitForLastOperation) for FLASH_WaitForLastOperation
    stm32f10x_flash.o(i.FLASH_EraseAllBank1Pages) refers to stm32f10x_flash.o(i.FLASH_WaitForLastBank1Operation) for FLASH_WaitForLastBank1Operation
    stm32f10x_flash.o(i.FLASH_EraseAllPages) refers to stm32f10x_flash.o(i.FLASH_WaitForLastOperation) for FLASH_WaitForLastOperation
    stm32f10x_flash.o(i.FLASH_EraseOptionBytes) refers to stm32f10x_flash.o(i.FLASH_GetReadOutProtectionStatus) for FLASH_GetReadOutProtectionStatus
    stm32f10x_flash.o(i.FLASH_EraseOptionBytes) refers to stm32f10x_flash.o(i.FLASH_WaitForLastOperation) for FLASH_WaitForLastOperation
    stm32f10x_flash.o(i.FLASH_ErasePage) refers to stm32f10x_flash.o(i.FLASH_WaitForLastOperation) for FLASH_WaitForLastOperation
    stm32f10x_flash.o(i.FLASH_ProgramHalfWord) refers to stm32f10x_flash.o(i.FLASH_WaitForLastOperation) for FLASH_WaitForLastOperation
    stm32f10x_flash.o(i.FLASH_ProgramOptionByteData) refers to stm32f10x_flash.o(i.FLASH_WaitForLastOperation) for FLASH_WaitForLastOperation
    stm32f10x_flash.o(i.FLASH_ProgramWord) refers to stm32f10x_flash.o(i.FLASH_WaitForLastOperation) for FLASH_WaitForLastOperation
    stm32f10x_flash.o(i.FLASH_ReadOutProtection) refers to stm32f10x_flash.o(i.FLASH_WaitForLastOperation) for FLASH_WaitForLastOperation
    stm32f10x_flash.o(i.FLASH_UserOptionByteConfig) refers to stm32f10x_flash.o(i.FLASH_WaitForLastOperation) for FLASH_WaitForLastOperation
[...]
    Removing stm32f10x_tim.o(i.TIM_SelectOCxM), (82 bytes).
    Removing stm32f10x_tim.o(i.TIM_SelectOnePulseMode), (18 bytes).
    Removing stm32f10x_tim.o(i.TIM_SelectOutputTrigger), (18 bytes).
    Removing stm32f10x_tim.o(i.TIM_SelectSlaveMode), (18 bytes).
    Removing stm32f10x_tim.o(i.TIM_SetAutoreload), (4 bytes).
    Removing stm32f10x_tim.o(i.TIM_SetClockDivision), (18 bytes).
    Removing stm32f10x_tim.o(i.TIM_SetCompare1), (4 bytes).
    Removing stm32f10x_tim.o(i.TIM_SetCompare2), (4 bytes).
    Removing stm32f10x_tim.o(i.TIM_SetCompare3), (4 bytes).
    Removing stm32f10x_tim.o(i.TIM_SetCompare4), (6 bytes).
    Removing stm32f10x_tim.o(i.TIM_SetCounter), (4 bytes).
    Removing stm32f10x_tim.o(i.TIM_SetIC1Prescaler), (18 bytes).
    Removing stm32f10x_tim.o(i.TIM_SetIC2Prescaler), (26 bytes).
    Removing stm32f10x_tim.o(i.TIM_SetIC3Prescaler), (18 bytes).
    Removing stm32f10x_tim.o(i.TIM_SetIC4Prescaler), (26 bytes).
    Removing stm32f10x_tim.o(i.TIM_TIxExternalClockConfig), (62 bytes).
    Removing stm32f10x_tim.o(i.TIM_TimeBaseInit), (164 bytes).
    Removing stm32f10x_tim.o(i.TIM_TimeBaseStructInit), (18 bytes).
    Removing stm32f10x_tim.o(i.TIM_UpdateDisableConfig), (24 bytes).
    Removing stm32f10x_tim.o(i.TIM_UpdateRequestConfig), (24 bytes).
    Removing stm32f10x_usart.o(i.USART_ClearITPendingBit), (30 bytes).
    Removing stm32f10x_usart.o(i.USART_ClockInit), (34 bytes).
    Removing stm32f10x_usart.o(i.USART_ClockStructInit), (12 bytes).
    Removing stm32f10x_usart.o(i.USART_DeInit), (156 bytes).
    Removing stm32f10x_usart.o(i.USART_HalfDuplexCmd), (24 bytes).
    Removing stm32f10x_usart.o(i.USART_IrDACmd), (24 bytes).
    Removing stm32f10x_usart.o(i.USART_IrDAConfig), (18 bytes).
    Removing stm32f10x_usart.o(i.USART_LINBreakDetectLengthConfig), (18 bytes).
    Removing stm32f10x_usart.o(i.USART_LINCmd), (24 bytes).
    Removing stm32f10x_usart.o(i.USART_OneBitMethodCmd), (24 bytes).
    Removing stm32f10x_usart.o(i.USART_OverSampling8Cmd), (22 bytes).
    Removing stm32f10x_usart.o(i.USART_ReceiverWakeUpCmd), (24 bytes).
    Removing stm32f10x_usart.o(i.USART_SendBreak), (10 bytes).
    Removing stm32f10x_usart.o(i.USART_SetAddress), (18 bytes).
    Removing stm32f10x_usart.o(i.USART_SetGuardTime), (16 bytes).
    Removing stm32f10x_usart.o(i.USART_SetPrescaler), (16 bytes).
    Removing stm32f10x_usart.o(i.USART_SmartCardCmd), (24 bytes).
    Removing stm32f10x_usart.o(i.USART_SmartCardNACKCmd), (24 bytes).
    Removing stm32f10x_usart.o(i.USART_StructInit), (24 bytes).
    Removing stm32f10x_usart.o(i.USART_WakeUpConfig), (18 bytes).
    Removing stm32f10x_wwdg.o(i.WWDG_ClearFlag), (12 bytes).
    Removing stm32f10x_wwdg.o(i.WWDG_DeInit), (22 bytes).
    Removing stm32f10x_wwdg.o(i.WWDG_Enable), (16 bytes).
    Removing stm32f10x_wwdg.o(i.WWDG_EnableIT), (12 bytes).
    Removing stm32f10x_wwdg.o(i.WWDG_GetFlagStatus), (12 bytes).
    Removing stm32f10x_wwdg.o(i.WWDG_SetCounter), (16 bytes).
    Removing stm32f10x_wwdg.o(i.WWDG_SetPrescaler), (24 bytes).
    Removing stm32f10x_wwdg.o(i.WWDG_SetWindowValue), (40 bytes).
    Removing exti.o(i.EXTI_Key_Init), (84 bytes).
    Removing exti.o(i.EXTI_NVIC_Init), (38 bytes).
    Removing key.o(i.KEY_Init), (60 bytes).
    Removing key.o(i.KEY_Scan), (164 bytes).
    Removing key.o(.data), (1 bytes).
    Removing led.o(i.LED_Init), (84 bytes).
    Removing tim.o(i.BASIC_TIM_Init), (104 bytes).
    Removing supersonic.o(i.GetEchoTime), (40 bytes).
    Removing supersonic.o(i.Supersonic_GPIO_Init), (188 bytes).
    Removing supersonic.o(i.Supersonic_TIM_Close), (16 bytes).
    Removing supersonic.o(i.Supersonic_TIM_Init), (112 bytes).
    Removing supersonic.o(i.Supersonic_TIM_Open), (36 bytes).
    Removing supersonic.o(i.Supersonic_Work), (212 bytes).
    Removing supersonic.o(i.data_send_pc), (24 bytes).
    Removing supersonic.o(.bss), (170 bytes).
    Removing main_task_tim.o(i.MAIN_TASK_TIM_Init), (112 bytes).
    Removing charge_232_usart.o(i.USART2_Send_Data), (24 bytes).
    Removing battery_state_read.o(i.BATTERY_STATE_USART_Send_byte), (40 bytes).
    Removing battery_state_read.o(i.BATTERY_STATE_USART_Send_msg), (28 bytes).
    Removing battery_state_read.o(i.battery_data_pkg), (36 bytes).
    Removing infrared.o(i.ADC_DMA_Multichannel_Init), (268 bytes).
    Removing infrared.o(i.ADCx_Init), (268 bytes).
    Removing infrared.o(i.data_IR_dis_pc), (24 bytes).
    Removing infrared.o(i.read_adc_s_value), (96 bytes).
    Removing infrared.o(.bss), (80 bytes).

464 unused section(s) (total 19539 bytes) removed from the image.

==============================================================================

Image Symbol Table

    Local Symbols

    Symbol Name                              Value     Ov Type        Size  Object(Section)

    ../clib/angel/boardlib.s                 0x00000000   Number         0  boardinit1.o ABSOLUTE
    ../clib/angel/boardlib.s                 0x00000000   Number         0  boardinit2.o ABSOLUTE
    ../clib/angel/boardlib.s                 0x00000000   Number         0  boardinit3.o ABSOLUTE
    ../clib/angel/boardlib.s                 0x00000000   Number         0  boardshut.o ABSOLUTE
    ../clib/angel/handlers.s                 0x00000000   Number         0  __scatter_zi.o ABSOLUTE
    ../clib/angel/handlers.s                 0x00000000   Number         0  __scatter_copy.o ABSOLUTE
    ../clib/angel/kernel.s                   0x00000000   Number         0  __rtentry.o ABSOLUTE
    ../clib/angel/kernel.s                   0x00000000   Number         0  rtexit2.o ABSOLUTE
    ../clib/angel/kernel.s                   0x00000000   Number         0  rtexit.o ABSOLUTE
    ../clib/angel/kernel.s                   0x00000000   Number         0  __rtentry2.o ABSOLUTE
    ../clib/angel/kernel.s                   0x00000000   Number         0  __rtentry4.o ABSOLUTE
    ../clib/angel/rt.s                       0x00000000   Number         0  rt_raise.o ABSOLUTE
    ../clib/angel/scatter.s                  0x00000000   Number         0  __scatter.o ABSOLUTE
    ../clib/angel/startup.s                  0x00000000   Number         0  __main.o ABSOLUTE
    ../clib/angel/sys.s                      0x00000000   Number         0  sys_stackheap_outer.o ABSOLUTE
    ../clib/angel/sys.s                      0x00000000   Number         0  libspace.o ABSOLUTE
    ../clib/angel/sys.s                      0x00000000   Number         0  indicate_semi.o ABSOLUTE
    ../clib/angel/sys.s                      0x00000000   Number         0  use_no_semi.o ABSOLUTE
    ../clib/angel/sysapp.c                   0x00000000   Number         0  sys_exit.o ABSOLUTE
    ../clib/angel/sysapp.c                   0x00000000   Number         0  sys_command.o ABSOLUTE
    ../clib/angel/sysapp.c                   0x00000000   Number         0  sys_wrch.o ABSOLUTE
    ../clib/armsys.c                         0x00000000   Number         0  argv_veneer.o ABSOLUTE
    ../clib/armsys.c                         0x00000000   Number         0  argv_veneer.o ABSOLUTE
    ../clib/armsys.c                         0x00000000   Number         0  no_argv.o ABSOLUTE
    ../clib/armsys.c                         0x00000000   Number         0  _get_argv_nomalloc.o ABSOLUTE
    ../clib/heapalloc.c                      0x00000000   Number         0  hrguard.o ABSOLUTE
    ../clib/heapaux.c                        0x00000000   Number         0  heapauxi.o ABSOLUTE
    ../clib/libinit.s                        0x00000000   Number         0  libinit.o ABSOLUTE
    ../clib/libinit.s                        0x00000000   Number         0  libinit2.o ABSOLUTE
    ../clib/libinit.s                        0x00000000   Number         0  libshutdown2.o ABSOLUTE
    ../clib/libinit.s                        0x00000000   Number         0  libshutdown.o ABSOLUTE
    ../clib/signal.c                         0x00000000   Number         0  defsig_rtred_inner.o ABSOLUTE
    ../clib/signal.c                         0x00000000   Number         0  defsig_fpe_inner.o ABSOLUTE
    ../clib/signal.c                         0x00000000   Number         0  defsig_abrt_inner.o ABSOLUTE
    ../clib/signal.c                         0x00000000   Number         0  defsig_general.o ABSOLUTE
    ../clib/signal.c                         0x00000000   Number         0  __raise.o ABSOLUTE
    ../clib/signal.c                         0x00000000   Number         0  defsig_rtmem_inner.o ABSOLUTE
    ../clib/signal.c                         0x00000000   Number         0  defsig_exit.o ABSOLUTE
    ../clib/signal.c                         0x00000000   Number         0  defsig_rtmem_formal.o ABSOLUTE
    ../clib/signal.c                         0x00000000   Number         0  defsig_rtmem_outer.o ABSOLUTE
    ../clib/signal.c                         0x00000000   Number         0  defsig_segv_inner.o ABSOLUTE
    ../clib/signal.c                         0x00000000   Number         0  defsig_cppl_inner.o ABSOLUTE
    ../clib/signal.c                         0x00000000   Number         0  defsig_pvfn_inner.o ABSOLUTE
    ../clib/signal.c                         0x00000000   Number         0  defsig_stak_inner.o ABSOLUTE
    ../clib/signal.c                         0x00000000   Number         0  defsig_other.o ABSOLUTE
    ../clib/signal.s                         0x00000000   Number         0  defsig.o ABSOLUTE
    ../clib/stdlib.c                         0x00000000   Number         0  exit.o ABSOLUTE
    ../fplib/d2f.s                           0x00000000   Number         0  d2f.o ABSOLUTE
    ../fplib/dcmpi.s                         0x00000000   Number         0  dcmpi.o ABSOLUTE
    ../fplib/ddiv.s                          0x00000000   Number         0  ddiv.o ABSOLUTE
    ../fplib/dfixu.s                         0x00000000   Number         0  dfixu.o ABSOLUTE
    ../fplib/dflt.s                          0x00000000   Number         0  dflt_clz.o ABSOLUTE
    ../fplib/dleqf.s                         0x00000000   Number         0  dleqf.o ABSOLUTE
    ../fplib/dmul.s                          0x00000000   Number         0  dmul.o ABSOLUTE
    ../fplib/dnaninf.s                       0x00000000   Number         0  dnaninf.o ABSOLUTE
    ../fplib/dretinf.s                       0x00000000   Number         0  dretinf.o ABSOLUTE
    ../fplib/drleqf.s                        0x00000000   Number         0  drleqf.o ABSOLUTE
    ../fplib/f2d.s                           0x00000000   Number         0  f2d.o ABSOLUTE
    ../fplib/faddsub.s                       0x00000000   Number         0  faddsub_clz.o ABSOLUTE
    ../fplib/fcmpi.s                         0x00000000   Number         0  fcmpi.o ABSOLUTE
    ../fplib/fdiv.s                          0x00000000   Number         0  fdiv.o ABSOLUTE
    ../fplib/ffix.s                          0x00000000   Number         0  ffix.o ABSOLUTE
    ../fplib/fflt.s                          0x00000000   Number         0  fflt_clz.o ABSOLUTE
    ../fplib/fleqf.s                         0x00000000   Number         0  fleqf.o ABSOLUTE
    ../fplib/fmul.s                          0x00000000   Number         0  fmul.o ABSOLUTE
    ../fplib/fnaninf.s                       0x00000000   Number         0  fnaninf.o ABSOLUTE
    ../fplib/fpinit.s                        0x00000000   Number         0  fpinit.o ABSOLUTE
    ../fplib/fretinf.s                       0x00000000   Number         0  fretinf.o ABSOLUTE
    ../fplib/frleqf.s                        0x00000000   Number         0  frleqf.o ABSOLUTE
    ../fplib/usenofp.s                       0x00000000   Number         0  usenofp.o ABSOLUTE
    ..\Libraries\CMSIS\core_cm3.c            0x00000000   Number         0  core_cm3.o ABSOLUTE
    ..\Libraries\CMSIS\startup\startup_stm32f10x_hd.s 0x00000000   Number         0  startup_stm32f10x_hd.o ABSOLUTE
    ..\Libraries\CMSIS\system_stm32f10x.c    0x00000000   Number         0  system_stm32f10x.o ABSOLUTE
    ..\Libraries\STM32F10x_StdPeriph_Driver\src\misc.c 0x00000000   Number         0  misc.o ABSOLUTE
    ..\Libraries\STM32F10x_StdPeriph_Driver\src\stm32f10x_adc.c 0x00000000   Number         0  stm32f10x_adc.o ABSOLUTE
    ..\Libraries\STM32F10x_StdPeriph_Driver\src\stm32f10x_bkp.c 0x00000000   Number         0  stm32f10x_bkp.o ABSOLUTE
    ..\Libraries\STM32F10x_StdPeriph_Driver\src\stm32f10x_can.c 0x00000000   Number         0  stm32f10x_can.o ABSOLUTE
    ..\Libraries\STM32F10x_StdPeriph_Driver\src\stm32f10x_cec.c 0x00000000   Number         0  stm32f10x_cec.o ABSOLUTE
    ..\Libraries\STM32F10x_StdPeriph_Driver\src\stm32f10x_crc.c 0x00000000   Number         0  stm32f10x_crc.o ABSOLUTE
    ..\Libraries\STM32F10x_StdPeriph_Driver\src\stm32f10x_dac.c 0x00000000   Number         0  stm32f10x_dac.o ABSOLUTE
    ..\Libraries\STM32F10x_StdPeriph_Driver\src\stm32f10x_dbgmcu.c 0x00000000   Number         0  stm32f10x_dbgmcu.o ABSOLUTE
    ..\Libraries\STM32F10x_StdPeriph_Driver\src\stm32f10x_dma.c 0x00000000   Number         0  stm32f10x_dma.o ABSOLUTE
    ..\Libraries\STM32F10x_StdPeriph_Driver\src\stm32f10x_exti.c 0x00000000   Number         0  stm32f10x_exti.o ABSOLUTE
    ..\Libraries\STM32F10x_StdPeriph_Driver\src\stm32f10x_flash.c 0x00000000   Number         0  stm32f10x_flash.o ABSOLUTE
    ..\Libraries\STM32F10x_StdPeriph_Driver\src\stm32f10x_fsmc.c 0x00000000   Number         0  stm32f10x_fsmc.o ABSOLUTE
    ..\Libraries\STM32F10x_StdPeriph_Driver\src\stm32f10x_gpio.c 0x00000000   Number         0  stm32f10x_gpio.o ABSOLUTE
    ..\Libraries\STM32F10x_StdPeriph_Driver\src\stm32f10x_i2c.c 0x00000000   Number         0  stm32f10x_i2c.o ABSOLUTE
    ..\Libraries\STM32F10x_StdPeriph_Driver\src\stm32f10x_iwdg.c 0x00000000   Number         0  stm32f10x_iwdg.o ABSOLUTE
    ..\Libraries\STM32F10x_StdPeriph_Driver\src\stm32f10x_pwr.c 0x00000000   Number         0  stm32f10x_pwr.o ABSOLUTE
    ..\Libraries\STM32F10x_StdPeriph_Driver\src\stm32f10x_rcc.c 0x00000000   Number         0  stm32f10x_rcc.o ABSOLUTE
    ..\Libraries\STM32F10x_StdPeriph_Driver\src\stm32f10x_rtc.c 0x00000000   Number         0  stm32f10x_rtc.o ABSOLUTE
    ..\Libraries\STM32F10x_StdPeriph_Driver\src\stm32f10x_sdio.c 0x00000000   Number         0  stm32f10x_sdio.o ABSOLUTE
    ..\Libraries\STM32F10x_StdPeriph_Driver\src\stm32f10x_spi.c 0x00000000   Number         0  stm32f10x_spi.o ABSOLUTE
    ..\Libraries\STM32F10x_StdPeriph_Driver\src\stm32f10x_tim.c 0x00000000   Number         0  stm32f10x_tim.o ABSOLUTE
    ..\Libraries\STM32F10x_StdPeriph_Driver\src\stm32f10x_usart.c 0x00000000   Number         0  stm32f10x_usart.o ABSOLUTE
    ..\Libraries\STM32F10x_StdPeriph_Driver\src\stm32f10x_wwdg.c 0x00000000   Number         0  stm32f10x_wwdg.o ABSOLUTE
    ..\USERS\Driver\src\bitop.c              0x00000000   Number         0  bitop.o ABSOLUTE
    ..\USERS\Driver\src\delay.c              0x00000000   Number         0  delay.o ABSOLUTE
    ..\USERS\Driver\src\exti.c               0x00000000   Number         0  exti.o ABSOLUTE
    ..\USERS\Driver\src\key.c                0x00000000   Number         0  key.o ABSOLUTE
    ..\USERS\Driver\src\led.c                0x00000000   Number         0  led.o ABSOLUTE
    ..\USERS\Driver\src\tim.c                0x00000000   Number         0  tim.o ABSOLUTE
    ..\USERS\Work\src\battery_state_read.c   0x00000000   Number         0  battery_state_read.o ABSOLUTE
    ..\USERS\Work\src\charge_232_usart.c     0x00000000   Number         0  charge_232_usart.o ABSOLUTE
    ..\USERS\Work\src\infrared.c             0x00000000   Number         0  infrared.o ABSOLUTE
    ..\USERS\Work\src\main_task.c            0x00000000   Number         0  main_task.o ABSOLUTE
    ..\USERS\Work\src\main_task_tim.c        0x00000000   Number         0  main_task_tim.o ABSOLUTE
    ..\USERS\Work\src\ros_usb_usart.c        0x00000000   Number         0  ros_usb_usart.o ABSOLUTE
    ..\USERS\Work\src\supersonic.c           0x00000000   Number         0  supersonic.o ABSOLUTE
    ..\\Libraries\\CMSIS\\core_cm3.c         0x00000000   Number         0  core_cm3.o ABSOLUTE
    dc.s                                     0x00000000   Number         0  dc.o ABSOLUTE
    main.c                                   0x00000000   Number         0  main.o ABSOLUTE
    stm32f10x_it.c                           0x00000000   Number         0  stm32f10x_it.o ABSOLUTE
    RESET                                    0x08000000   Section      304  startup_stm32f10x_hd.o(RESET)
    !!!main                                  0x08000130   Section        8  __main.o(!!!main)
    !!!scatter                               0x08000138   Section       52  __scatter.o(!!!scatter)
    !!handler_copy                           0x0800016c   Section       26  __scatter_copy.o(!!handler_copy)
    !!handler_zi                             0x08000188   Section       28  __scatter_zi.o(!!handler_zi)
    .ARM.Collect$$libinit$$00000000          0x080001a4   Section        2  libinit.o(.ARM.Collect$$libinit$$00000000)
    .ARM.Collect$$libinit$$00000002          0x080001a6   Section        0  libinit2.o(.ARM.Collect$$libinit$$00000002)
    .ARM.Collect$$libinit$$00000004          0x080001a6   Section        0  libinit2.o(.ARM.Collect$$libinit$$00000004)
    .ARM.Collect$$libinit$$0000000A          0x080001a6   Section        0  libinit2.o(.ARM.Collect$$libinit$$0000000A)
    .ARM.Collect$$libinit$$0000000C          0x080001a6   Section        0  libinit2.o(.ARM.Collect$$libinit$$0000000C)
    .ARM.Collect$$libinit$$0000000E          0x080001a6   Section        0  libinit2.o(.ARM.Collect$$libinit$$0000000E)
    .ARM.Collect$$libinit$$00000011          0x080001a6   Section        0  libinit2.o(.ARM.Collect$$libinit$$00000011)
    .ARM.Collect$$libinit$$00000013          0x080001a6   Section        0  libinit2.o(.ARM.Collect$$libinit$$00000013)
    .ARM.Collect$$libinit$$00000015          0x080001a6   Section        0  libinit2.o(.ARM.Collect$$libinit$$00000015)
    .ARM.Collect$$libinit$$00000017          0x080001a6   Section        0  libinit2.o(.ARM.Collect$$libinit$$00000017)
    .ARM.Collect$$libinit$$00000019          0x080001a6   Section        0  libinit2.o(.ARM.Collect$$libinit$$00000019)
    .ARM.Collect$$libinit$$0000001B          0x080001a6   Section        0  libinit2.o(.ARM.Collect$$libinit$$0000001B)
    .ARM.Collect$$libinit$$0000001D          0x080001a6   Section        0  libinit2.o(.ARM.Collect$$libinit$$0000001D)
    .ARM.Collect$$libinit$$0000001F          0x080001a6   Section        0  libinit2.o(.ARM.Collect$$libinit$$0000001F)
    .ARM.Collect$$libinit$$00000021          0x080001a6   Section        0  libinit2.o(.ARM.Collect$$libinit$$00000021)
    .ARM.Collect$$libinit$$00000023          0x080001a6   Section        0  libinit2.o(.ARM.Collect$$libinit$$00000023)
    .ARM.Collect$$libinit$$00000025          0x080001a6   Section        0  libinit2.o(.ARM.Collect$$libinit$$00000025)
    .ARM.Collect$$libinit$$0000002C          0x080001a6   Section        0  libinit2.o(.ARM.Collect$$libinit$$0000002C)
    .ARM.Collect$$libinit$$0000002E          0x080001a6   Section        0  libinit2.o(.ARM.Collect$$libinit$$0000002E)
    .ARM.Collect$$libinit$$00000030          0x080001a6   Section        0  libinit2.o(.ARM.Collect$$libinit$$00000030)
    .ARM.Collect$$libinit$$00000032          0x080001a6   Section        0  libinit2.o(.ARM.Collect$$libinit$$00000032)
    .ARM.Collect$$libinit$$00000033          0x080001a6   Section        2  libinit2.o(.ARM.Collect$$libinit$$00000033)
    .ARM.Collect$$libshutdown$$00000000      0x080001a8   Section        2  libshutdown.o(.ARM.Collect$$libshutdown$$00000000)
    .ARM.Collect$$libshutdown$$00000002      0x080001aa   Section        0  libshutdown2.o(.ARM.Collect$$libshutdown$$00000002)
    .ARM.Collect$$libshutdown$$00000004      0x080001aa   Section        0  libshutdown2.o(.ARM.Collect$$libshutdown$$00000004)
    .ARM.Collect$$libshutdown$$00000007      0x080001aa   Section        0  libshutdown2.o(.ARM.Collect$$libshutdown$$00000007)
    .ARM.Collect$$libshutdown$$0000000A      0x080001aa   Section        0  libshutdown2.o(.ARM.Collect$$libshutdown$$0000000A)
    .ARM.Collect$$libshutdown$$0000000C      0x080001aa   Section        0  libshutdown2.o(.ARM.Collect$$libshutdown$$0000000C)
    .ARM.Collect$$libshutdown$$0000000F      0x080001aa   Section        0  libshutdown2.o(.ARM.Collect$$libshutdown$$0000000F)
    .ARM.Collect$$libshutdown$$00000010      0x080001aa   Section        2  libshutdown2.o(.ARM.Collect$$libshutdown$$00000010)
    .ARM.Collect$$rtentry$$00000000          0x080001ac   Section        0  __rtentry.o(.ARM.Collect$$rtentry$$00000000)
    .ARM.Collect$$rtentry$$00000002          0x080001ac   Section        0  __rtentry2.o(.ARM.Collect$$rtentry$$00000002)
    .ARM.Collect$$rtentry$$00000004          0x080001ac   Section        6  __rtentry4.o(.ARM.Collect$$rtentry$$00000004)
    .ARM.Collect$$rtentry$$00000009          0x080001b2   Section        0  __rtentry2.o(.ARM.Collect$$rtentry$$00000009)
    .ARM.Collect$$rtentry$$0000000A          0x080001b2   Section        4  __rtentry2.o(.ARM.Collect$$rtentry$$0000000A)
    .ARM.Collect$$rtentry$$0000000C          0x080001b6   Section        0  __rtentry2.o(.ARM.Collect$$rtentry$$0000000C)
    .ARM.Collect$$rtentry$$0000000D          0x080001b6   Section        8  __rtentry2.o(.ARM.Collect$$rtentry$$0000000D)
    .ARM.Collect$$rtexit$$00000000           0x080001be   Section        2  rtexit.o(.ARM.Collect$$rtexit$$00000000)
    .ARM.Collect$$rtexit$$00000002           0x080001c0   Section        0  rtexit2.o(.ARM.Collect$$rtexit$$00000002)
    .ARM.Collect$$rtexit$$00000003           0x080001c0   Section        4  rtexit2.o(.ARM.Collect$$rtexit$$00000003)
    .ARM.Collect$$rtexit$$00000004           0x080001c4   Section        6  rtexit2.o(.ARM.Collect$$rtexit$$00000004)
    .text                                    0x080001cc   Section       64  startup_stm32f10x_hd.o(.text)
    .text                                    0x0800020c   Section        0  heapauxi.o(.text)
    .text                                    0x08000212   Section       74  sys_stackheap_outer.o(.text)
    .text                                    0x0800025c   Section        0  exit.o(.text)
    .text                                    0x08000270   Section        8  libspace.o(.text)
    .text                                    0x08000278   Section        0  sys_exit.o(.text)
    .text                                    0x08000284   Section        2  use_no_semi.o(.text)
    .text                                    0x08000286   Section        0  indicate_semi.o(.text)
    i.ADC_Cmd                                0x08000286   Section        0  stm32f10x_adc.o(i.ADC_Cmd)
    i.ADC_DMACmd                             0x0800029c   Section        0  stm32f10x_adc.o(i.ADC_DMACmd)
    i.ADC_DMA_COnfig                         0x080002b4   Section        0  infrared.o(i.ADC_DMA_COnfig)
    i.ADC_GPIO_Config                        0x080003b0   Section        0  infrared.o(i.ADC_GPIO_Config)
    i.ADC_GetCalibrationStatus               0x080003d4   Section        0  stm32f10x_adc.o(i.ADC_GetCalibrationStatus)
    i.ADC_GetResetCalibrationStatus          0x080003e8   Section        0  stm32f10x_adc.o(i.ADC_GetResetCalibrationStatus)
    i.ADC_Init                               0x080003fc   Section        0  stm32f10x_adc.o(i.ADC_Init)
    i.ADC_RegularChannelConfig               0x0800044c   Section        0  stm32f10x_adc.o(i.ADC_RegularChannelConfig)
    i.ADC_ResetCalibration                   0x08000504   Section        0  stm32f10x_adc.o(i.ADC_ResetCalibration)
    i.ADC_SoftwareStartConvCmd               0x0800050e   Section        0  stm32f10x_adc.o(i.ADC_SoftwareStartConvCmd)
    i.ADC_StartCalibration                   0x08000524   Section        0  stm32f10x_adc.o(i.ADC_StartCalibration)
    i.BATTERY_STATE_Rx_DMA_Config            0x08000530   Section        0  battery_state_read.o(i.BATTERY_STATE_Rx_DMA_Config)
    i.BATTERY_STATE_USART_Init               0x080005a0   Section        0  battery_state_read.o(i.BATTERY_STATE_USART_Init)
    i.BusFault_Handler                       0x08000650   Section        0  stm32f10x_it.o(i.BusFault_Handler)
    i.Charge_Data_Pack                       0x08000654   Section        0  charge_232_usart.o(i.Charge_Data_Pack)
    i.DMA_Cmd                                0x08000924   Section        0  stm32f10x_dma.o(i.DMA_Cmd)
    i.DMA_DeInit                             0x0800093c   Section        0  stm32f10x_dma.o(i.DMA_DeInit)
    i.DMA_GetCurrDataCounter                 0x08000a88   Section        0  stm32f10x_dma.o(i.DMA_GetCurrDataCounter)
    i.DMA_Init                               0x08000a90   Section        0  stm32f10x_dma.o(i.DMA_Init)
    i.DMA_SetCurrDataCounter                 0x08000acc   Section        0  stm32f10x_dma.o(i.DMA_SetCurrDataCounter)
    i.DebugMon_Handler                       0x08000ad0   Section        0  stm32f10x_it.o(i.DebugMon_Handler)
    i.GPIO_Init                              0x08000ad2   Section        0  stm32f10x_gpio.o(i.GPIO_Init)
    i.HardFault_Handler                      0x08000be8   Section        0  stm32f10x_it.o(i.HardFault_Handler)
    i.MemManage_Handler                      0x08000bec   Section        0  stm32f10x_it.o(i.MemManage_Handler)
    i.NMI_Handler                            0x08000bf0   Section        0  stm32f10x_it.o(i.NMI_Handler)
    i.NVIC_Init                              0x08000bf4   Section        0  misc.o(i.NVIC_Init)
    i.NVIC_PriorityGroupConfig               0x08000c64   Section        0  misc.o(i.NVIC_PriorityGroupConfig)
    i.PendSV_Handler                         0x08000c78   Section        0  stm32f10x_it.o(i.PendSV_Handler)
    i.RCC_ADCCLKConfig                       0x08000c7c   Section        0  stm32f10x_rcc.o(i.RCC_ADCCLKConfig)
    i.RCC_AHBPeriphClockCmd                  0x08000c94   Section        0  stm32f10x_rcc.o(i.RCC_AHBPeriphClockCmd)
    i.RCC_APB1PeriphClockCmd                 0x08000cb4   Section        0  stm32f10x_rcc.o(i.RCC_APB1PeriphClockCmd)
    i.RCC_APB2PeriphClockCmd                 0x08000cd4   Section        0  stm32f10x_rcc.o(i.RCC_APB2PeriphClockCmd)
    i.RCC_GetClocksFreq                      0x08000cf4   Section        0  stm32f10x_rcc.o(i.RCC_GetClocksFreq)
    i.ROS_USB_USART_Init                     0x08000dc8   Section        0  ros_usb_usart.o(i.ROS_USB_USART_Init)
    i.ROS_USB_USART_Send_byte                0x08000e78   Section        0  ros_usb_usart.o(i.ROS_USB_USART_Send_byte)
    i.ROS_USB_USART_Send_msg                 0x08000ea0   Section        0  ros_usb_usart.o(i.ROS_USB_USART_Send_msg)
    i.SVC_Handler                            0x08000ebc   Section        0  stm32f10x_it.o(i.SVC_Handler)
    i.Send_SCIA                              0x08000ec0   Section        0  charge_232_usart.o(i.Send_SCIA)
    i.SetSysClock                            0x08000ef4   Section        0  system_stm32f10x.o(i.SetSysClock)
    SetSysClock                              0x08000ef5   Thumb Code     8  system_stm32f10x.o(i.SetSysClock)
    i.SetSysClockTo72                        0x08000efc   Section        0  system_stm32f10x.o(i.SetSysClockTo72)
    SetSysClockTo72                          0x08000efd   Thumb Code   214  system_stm32f10x.o(i.SetSysClockTo72)
    i.State_Translate                        0x08000fdc   Section        0  main_task.o(i.State_Translate)
    i.SysTick_CLKSourceConfig                0x08001134   Section        0  misc.o(i.SysTick_CLKSourceConfig)
    i.SysTick_Handler                        0x0800115c   Section        0  stm32f10x_it.o(i.SysTick_Handler)
    i.SystemInit                             0x08001160   Section        0  system_stm32f10x.o(i.SystemInit)
    i.TIM5_IRQHandler                        0x080011c0   Section        0  main_task_tim.o(i.TIM5_IRQHandler)
    i.TIM6_IRQHandler                        0x08001200   Section        0  supersonic.o(i.TIM6_IRQHandler)
    i.TIM_ClearITPendingBit                  0x08001228   Section        0  stm32f10x_tim.o(i.TIM_ClearITPendingBit)
    i.TIM_Cmd                                0x0800122e   Section        0  stm32f10x_tim.o(i.TIM_Cmd)
    i.TIM_GetITStatus                        0x08001246   Section        0  stm32f10x_tim.o(i.TIM_GetITStatus)
    i.USART1_IRQHandler                      0x08001268   Section        0  ros_usb_usart.o(i.USART1_IRQHandler)
    i.USART2_Send_Byte                       0x080012c4   Section        0  charge_232_usart.o(i.USART2_Send_Byte)
    i.USART3_IRQHandler                      0x080012e4   Section        0  battery_state_read.o(i.USART3_IRQHandler)
    i.USART_ClearFlag                        0x08001334   Section        0  stm32f10x_usart.o(i.USART_ClearFlag)
    i.USART_Cmd                              0x08001346   Section        0  stm32f10x_usart.o(i.USART_Cmd)
    i.USART_DMACmd                           0x0800135e   Section        0  stm32f10x_usart.o(i.USART_DMACmd)
    i.USART_GetFlagStatus                    0x08001370   Section        0  stm32f10x_usart.o(i.USART_GetFlagStatus)
    i.USART_GetITStatus                      0x0800138a   Section        0  stm32f10x_usart.o(i.USART_GetITStatus)
    i.USART_ITConfig                         0x080013de   Section        0  stm32f10x_usart.o(i.USART_ITConfig)
    i.USART_Init                             0x08001428   Section        0  stm32f10x_usart.o(i.USART_Init)
    i.USART_ReceiveData                      0x08001500   Section        0  stm32f10x_usart.o(i.USART_ReceiveData)
    i.USART_SendData                         0x0800150a   Section        0  stm32f10x_usart.o(i.USART_SendData)
    i.UsageFault_Handler                     0x08001512   Section        0  stm32f10x_it.o(i.UsageFault_Handler)
    i.data_refresh                           0x08001518   Section        0  main_task.o(i.data_refresh)
    i.delay_init                             0x08001618   Section        0  delay.o(i.delay_init)
    i.delay_ms                               0x0800165c   Section        0  delay.o(i.delay_ms)
    i.delay_us                               0x08001694   Section        0  delay.o(i.delay_us)
    i.delay_xms                              0x080016e0   Section        0  delay.o(i.delay_xms)
    i.main                                   0x0800172c   Section        0  main.o(i.main)
    i.usart2_init                            0x0800187c   Section        0  charge_232_usart.o(i.usart2_init)
    x$fpl$d2f                                0x0800192c   Section       98  d2f.o(x$fpl$d2f)
    x$fpl$dcmpinf                            0x0800198e   Section       24  dcmpi.o(x$fpl$dcmpinf)
    x$fpl$ddiv                               0x080019a8   Section      688  ddiv.o(x$fpl$ddiv)
    ddiv_entry                               0x080019af   Thumb Code     0  ddiv.o(x$fpl$ddiv)
    x$fpl$dflt                               0x08001c58   Section       46  dflt_clz.o(x$fpl$dflt)
    x$fpl$dleqf                              0x08001c88   Section      120  dleqf.o(x$fpl$dleqf)
    x$fpl$dmul                               0x08001d00   Section      340  dmul.o(x$fpl$dmul)
    x$fpl$dnaninf                            0x08001e54   Section      156  dnaninf.o(x$fpl$dnaninf)
    x$fpl$dretinf                            0x08001ef0   Section       12  dretinf.o(x$fpl$dretinf)
    x$fpl$drleqf                             0x08001efc   Section      108  drleqf.o(x$fpl$drleqf)
    x$fpl$f2d                                0x08001f68   Section       86  f2d.o(x$fpl$f2d)
    x$fpl$fadd                               0x08001fc0   Section      196  faddsub_clz.o(x$fpl$fadd)
    _fadd1                                   0x08001fcf   Thumb Code     0  faddsub_clz.o(x$fpl$fadd)
    x$fpl$fcmpinf                            0x08002084   Section       24  fcmpi.o(x$fpl$fcmpinf)
    x$fpl$fdiv                               0x0800209c   Section      388  fdiv.o(x$fpl$fdiv)
    _fdiv1                                   0x0800209d   Thumb Code     0  fdiv.o(x$fpl$fdiv)
    x$fpl$ffix                               0x08002220   Section       54  ffix.o(x$fpl$ffix)
    x$fpl$ffltu                              0x08002258   Section       38  fflt_clz.o(x$fpl$ffltu)
    x$fpl$fleqf                              0x08002280   Section      104  fleqf.o(x$fpl$fleqf)
    x$fpl$fmul                               0x080022e8   Section      258  fmul.o(x$fpl$fmul)
    x$fpl$fnaninf                            0x080023ea   Section      140  fnaninf.o(x$fpl$fnaninf)
    x$fpl$fretinf                            0x08002476   Section       10  fretinf.o(x$fpl$fretinf)
    x$fpl$frleqf                             0x08002480   Section       98  frleqf.o(x$fpl$frleqf)
    x$fpl$frsb                               0x080024e2   Section       20  faddsub_clz.o(x$fpl$frsb)
    x$fpl$fsub                               0x080024f8   Section      234  faddsub_clz.o(x$fpl$fsub)
    _fsub1                                   0x08002507   Thumb Code     0  faddsub_clz.o(x$fpl$fsub)
    x$fpl$usenofp                            0x080025e2   Section        0  usenofp.o(x$fpl$usenofp)
    .data                                    0x20000000   Section       20  system_stm32f10x.o(.data)
    .data                                    0x20000014   Section       20  stm32f10x_rcc.o(.data)
    APBAHBPrescTable                         0x20000014   Data          16  stm32f10x_rcc.o(.data)
    ADCPrescTable                            0x20000024   Data           4  stm32f10x_rcc.o(.data)
    .data                                    0x20000028   Section        4  delay.o(.data)
    fac_us                                   0x20000028   Data           1  delay.o(.data)
    fac_ms                                   0x2000002a   Data           2  delay.o(.data)
    .data                                    0x2000002c   Section       68  supersonic.o(.data)
    .data                                    0x20000070   Section        3  main_task.o(.data)
    .data                                    0x20000074   Section        2  main_task_tim.o(.data)
    .data                                    0x20000076   Section        8  ros_usb_usart.o(.data)
    .data                                    0x20000080   Section       43  charge_232_usart.o(.data)
    .data                                    0x200000ab   Section        9  battery_state_read.o(.data)
    .data                                    0x200000b4   Section        6  infrared.o(.data)
    .bss                                     0x200000bc   Section       24  main.o(.bss)
    .bss                                     0x200000d4   Section      200  ros_usb_usart.o(.bss)
    .bss                                     0x2000019c   Section       90  charge_232_usart.o(.bss)
    .bss                                     0x200001f6   Section       20  battery_state_read.o(.bss)
    .bss                                     0x2000020c   Section       96  libspace.o(.bss)
    HEAP                                     0x20000270   Section      512  startup_stm32f10x_hd.o(HEAP)
    Heap_Mem                                 0x20000270   Data         512  startup_stm32f10x_hd.o(HEAP)
    STACK                                    0x20000470   Section     1024  startup_stm32f10x_hd.o(STACK)
    Stack_Mem                                0x20000470   Data        1024  startup_stm32f10x_hd.o(STACK)
    __initial_sp                             0x20000870   Data           0  startup_stm32f10x_hd.o(STACK)

    Global Symbols

    Symbol Name                              Value     Ov Type        Size  Object(Section)

    BuildAttributes$$THM_ISAv4$P$D$K$B$S$PE$A:L22UL41UL21$X:L11$S22US41US21$IEEE1$IW$USESV6$~STKCKD$USESV7$~SHL$OSPACE$ROPI$EBA8$UX$STANDARDLIB$REQ8$PRES8$EABIv2 0x00000000   Number         0  anon$$obj.o ABSOLUTE
    __ARM_use_no_argv                        0x00000000   Number         0  main.o ABSOLUTE
    __ARM_exceptions_init                     - Undefined Weak Reference
    __alloca_initialize                       - Undefined Weak Reference
    __arm_preinit_                            - Undefined Weak Reference
    __cpp_initialize__aeabi_                  - Undefined Weak Reference
    __cxa_finalize                            - Undefined Weak Reference
    __rt_locale                               - Undefined Weak Reference
    __sigvec_lookup                           - Undefined Weak Reference
    _atexit_init                              - Undefined Weak Reference
    _call_atexit_fns                          - Undefined Weak Reference
    _clock_init                               - Undefined Weak Reference
    _fp_trap_init                             - Undefined Weak Reference
    _fp_trap_shutdown                         - Undefined Weak Reference
    _get_lc_collate                           - Undefined Weak Reference
    _get_lc_ctype                             - Undefined Weak Reference
    _get_lc_monetary                          - Undefined Weak Reference
    _get_lc_numeric                           - Undefined Weak Reference
    _get_lc_time                              - Undefined Weak Reference
    _getenv_init                              - Undefined Weak Reference
    _handle_redirection                       - Undefined Weak Reference
    _init_alloc                               - Undefined Weak Reference
    _init_user_alloc                          - Undefined Weak Reference
    _initio                                   - Undefined Weak Reference
    _rand_init                                - Undefined Weak Reference
    _signal_finish                            - Undefined Weak Reference
    _signal_init                              - Undefined Weak Reference
    _terminate_alloc                          - Undefined Weak Reference
    _terminate_user_alloc                     - Undefined Weak Reference
    _terminateio                              - Undefined Weak Reference
    __Vectors_Size                           0x00000130   Number         0  startup_stm32f10x_hd.o ABSOLUTE
    __Vectors                                0x08000000   Data           4  startup_stm32f10x_hd.o(RESET)
    __Vectors_End                            0x08000130   Data           0  startup_stm32f10x_hd.o(RESET)
    __main                                   0x08000131   Thumb Code     8  __main.o(!!!main)
    __scatterload                            0x08000139   Thumb Code     0  __scatter.o(!!!scatter)
    __scatterload_rt2                        0x08000139   Thumb Code    44  __scatter.o(!!!scatter)
    __scatterload_rt2_thumb_only             0x08000139   Thumb Code     0  __scatter.o(!!!scatter)
    __scatterload_null                       0x08000147   Thumb Code     0  __scatter.o(!!!scatter)
    __scatterload_copy                       0x0800016d   Thumb Code    26  __scatter_copy.o(!!handler_copy)
    __scatterload_zeroinit                   0x08000189   Thumb Code    28  __scatter_zi.o(!!handler_zi)
    __rt_lib_init                            0x080001a5   Thumb Code     0  libinit.o(.ARM.Collect$$libinit$$00000000)
    __rt_lib_init_alloca_1                   0x080001a7   Thumb Code     0  libinit2.o(.ARM.Collect$$libinit$$0000002E)
    __rt_lib_init_argv_1                     0x080001a7   Thumb Code     0  libinit2.o(.ARM.Collect$$libinit$$0000002C)
    __rt_lib_init_atexit_1                   0x080001a7   Thumb Code     0  libinit2.o(.ARM.Collect$$libinit$$0000001B)
    __rt_lib_init_clock_1                    0x080001a7   Thumb Code     0  libinit2.o(.ARM.Collect$$libinit$$00000021)
    __rt_lib_init_cpp_1                      0x080001a7   Thumb Code     0  libinit2.o(.ARM.Collect$$libinit$$00000032)
    __rt_lib_init_exceptions_1               0x080001a7   Thumb Code     0  libinit2.o(.ARM.Collect$$libinit$$00000030)
    __rt_lib_init_fp_1                       0x080001a7   Thumb Code     0  libinit2.o(.ARM.Collect$$libinit$$00000002)
    __rt_lib_init_fp_trap_1                  0x080001a7   Thumb Code     0  libinit2.o(.ARM.Collect$$libinit$$0000001F)
    __rt_lib_init_getenv_1                   0x080001a7   Thumb Code     0  libinit2.o(.ARM.Collect$$libinit$$00000023)
    __rt_lib_init_heap_1                     0x080001a7   Thumb Code     0  libinit2.o(.ARM.Collect$$libinit$$0000000A)
    __rt_lib_init_lc_collate_1               0x080001a7   Thumb Code     0  libinit2.o(.ARM.Collect$$libinit$$00000011)
    __rt_lib_init_lc_ctype_1                 0x080001a7   Thumb Code     0  libinit2.o(.ARM.Collect$$libinit$$00000013)
    __rt_lib_init_lc_monetary_1              0x080001a7   Thumb Code     0  libinit2.o(.ARM.Collect$$libinit$$00000015)
    __rt_lib_init_lc_numeric_1               0x080001a7   Thumb Code     0  libinit2.o(.ARM.Collect$$libinit$$00000017)
    __rt_lib_init_lc_time_1                  0x080001a7   Thumb Code     0  libinit2.o(.ARM.Collect$$libinit$$00000019)
    __rt_lib_init_preinit_1                  0x080001a7   Thumb Code     0  libinit2.o(.ARM.Collect$$libinit$$00000004)
    __rt_lib_init_rand_1                     0x080001a7   Thumb Code     0  libinit2.o(.ARM.Collect$$libinit$$0000000E)
    __rt_lib_init_return                     0x080001a7   Thumb Code     0  libinit2.o(.ARM.Collect$$libinit$$00000033)
    __rt_lib_init_signal_1                   0x080001a7   Thumb Code     0  libinit2.o(.ARM.Collect$$libinit$$0000001D)
    __rt_lib_init_stdio_1                    0x080001a7   Thumb Code     0  libinit2.o(.ARM.Collect$$libinit$$00000025)
    __rt_lib_init_user_alloc_1               0x080001a7   Thumb Code     0  libinit2.o(.ARM.Collect$$libinit$$0000000C)
    __rt_lib_shutdown                        0x080001a9   Thumb Code     0  libshutdown.o(.ARM.Collect$$libshutdown$$00000000)
    __rt_lib_shutdown_cpp_1                  0x080001ab   Thumb Code     0  libshutdown2.o(.ARM.Collect$$libshutdown$$00000002)
    __rt_lib_shutdown_fp_trap_1              0x080001ab   Thumb Code     0  libshutdown2.o(.ARM.Collect$$libshutdown$$00000007)
    __rt_lib_shutdown_heap_1                 0x080001ab   Thumb Code     0  libshutdown2.o(.ARM.Collect$$libshutdown$$0000000F)
    __rt_lib_shutdown_return                 0x080001ab   Thumb Code     0  libshutdown2.o(.ARM.Collect$$libshutdown$$00000010)
    __rt_lib_shutdown_signal_1               0x080001ab   Thumb Code     0  libshutdown2.o(.ARM.Collect$$libshutdown$$0000000A)
    __rt_lib_shutdown_stdio_1                0x080001ab   Thumb Code     0  libshutdown2.o(.ARM.Collect$$libshutdown$$00000004)
    __rt_lib_shutdown_user_alloc_1           0x080001ab   Thumb Code     0  libshutdown2.o(.ARM.Collect$$libshutdown$$0000000C)
    __rt_entry                               0x080001ad   Thumb Code     0  __rtentry.o(.ARM.Collect$$rtentry$$00000000)
    __rt_entry_presh_1                       0x080001ad   Thumb Code     0  __rtentry2.o(.ARM.Collect$$rtentry$$00000002)
    __rt_entry_sh                            0x080001ad   Thumb Code     0  __rtentry4.o(.ARM.Collect$$rtentry$$00000004)
    __rt_entry_li                            0x080001b3   Thumb Code     0  __rtentry2.o(.ARM.Collect$$rtentry$$0000000A)
    __rt_entry_postsh_1                      0x080001b3   Thumb Code     0  __rtentry2.o(.ARM.Collect$$rtentry$$00000009)
    __rt_entry_main                          0x080001b7   Thumb Code     0  __rtentry2.o(.ARM.Collect$$rtentry$$0000000D)
    __rt_entry_postli_1                      0x080001b7   Thumb Code     0  __rtentry2.o(.ARM.Collect$$rtentry$$0000000C)
    __rt_exit                                0x080001bf   Thumb Code     0  rtexit.o(.ARM.Collect$$rtexit$$00000000)
    __rt_exit_ls                             0x080001c1   Thumb Code     0  rtexit2.o(.ARM.Collect$$rtexit$$00000003)
    __rt_exit_prels_1                        0x080001c1   Thumb Code     0  rtexit2.o(.ARM.Collect$$rtexit$$00000002)
    __rt_exit_exit                           0x080001c5   Thumb Code     0  rtexit2.o(.ARM.Collect$$rtexit$$00000004)
    Reset_Handler                            0x080001cd   Thumb Code     8  startup_stm32f10x_hd.o(.text)
    ADC1_2_IRQHandler                        0x080001e7   Thumb Code     0  startup_stm32f10x_hd.o(.text)
    ADC3_IRQHandler                          0x080001e7   Thumb Code     0  startup_stm32f10x_hd.o(.text)
    CAN1_RX1_IRQHandler                      0x080001e7   Thumb Code     0  startup_stm32f10x_hd.o(.text)
    CAN1_SCE_IRQHandler                      0x080001e7   Thumb Code     0  startup_stm32f10x_hd.o(.text)
    DMA1_Channel1_IRQHandler                 0x080001e7   Thumb Code     0  startup_stm32f10x_hd.o(.text)
    DMA1_Channel2_IRQHandler                 0x080001e7   Thumb Code     0  startup_stm32f10x_hd.o(.text)
    DMA1_Channel3_IRQHandler                 0x080001e7   Thumb Code     0  startup_stm32f10x_hd.o(.text)
    DMA1_Channel4_IRQHandler                 0x080001e7   Thumb Code     0  startup_stm32f10x_hd.o(.text)
    DMA1_Channel5_IRQHandler                 0x080001e7   Thumb Code     0  startup_stm32f10x_hd.o(.text)
    DMA1_Channel6_IRQHandler                 0x080001e7   Thumb Code     0  startup_stm32f10x_hd.o(.text)
    DMA1_Channel7_IRQHandler                 0x080001e7   Thumb Code     0  startup_stm32f10x_hd.o(.text)
    DMA2_Channel1_IRQHandler                 0x080001e7   Thumb Code     0  startup_stm32f10x_hd.o(.text)
    DMA2_Channel2_IRQHandler                 0x080001e7   Thumb Code     0  startup_stm32f10x_hd.o(.text)
    DMA2_Channel3_IRQHandler                 0x080001e7   Thumb Code     0  startup_stm32f10x_hd.o(.text)
    DMA2_Channel4_5_IRQHandler               0x080001e7   Thumb Code     0  startup_stm32f10x_hd.o(.text)
    EXTI0_IRQHandler                         0x080001e7   Thumb Code     0  startup_stm32f10x_hd.o(.text)
    EXTI15_10_IRQHandler                     0x080001e7   Thumb Code     0  startup_stm32f10x_hd.o(.text)
    EXTI1_IRQHandler                         0x080001e7   Thumb Code     0  startup_stm32f10x_hd.o(.text)
    EXTI2_IRQHandler                         0x080001e7   Thumb Code     0  startup_stm32f10x_hd.o(.text)
    EXTI3_IRQHandler                         0x080001e7   Thumb Code     0  startup_stm32f10x_hd.o(.text)
    EXTI4_IRQHandler                         0x080001e7   Thumb Code     0  startup_stm32f10x_hd.o(.text)
    EXTI9_5_IRQHandler                       0x080001e7   Thumb Code     0  startup_stm32f10x_hd.o(.text)
    FLASH_IRQHandler                         0x080001e7   Thumb Code     0  startup_stm32f10x_hd.o(.text)
    FSMC_IRQHandler                          0x080001e7   Thumb Code     0  startup_stm32f10x_hd.o(.text)
    I2C1_ER_IRQHandler                       0x080001e7   Thumb Code     0  startup_stm32f10x_hd.o(.text)
    I2C1_EV_IRQHandler                       0x080001e7   Thumb Code     0  startup_stm32f10x_hd.o(.text)
    I2C2_ER_IRQHandler                       0x080001e7   Thumb Code     0  startup_stm32f10x_hd.o(.text)
    I2C2_EV_IRQHandler                       0x080001e7   Thumb Code     0  startup_stm32f10x_hd.o(.text)
    PVD_IRQHandler                           0x080001e7   Thumb Code     0  startup_stm32f10x_hd.o(.text)
    RCC_IRQHandler                           0x080001e7   Thumb Code     0  startup_stm32f10x_hd.o(.text)
    RTCAlarm_IRQHandler                      0x080001e7   Thumb Code     0  startup_stm32f10x_hd.o(.text)
    RTC_IRQHandler                           0x080001e7   Thumb Code     0  startup_stm32f10x_hd.o(.text)
    SDIO_IRQHandler                          0x080001e7   Thumb Code     0  startup_stm32f10x_hd.o(.text)
    SPI1_IRQHandler                          0x080001e7   Thumb Code     0  startup_stm32f10x_hd.o(.text)
    SPI2_IRQHandler                          0x080001e7   Thumb Code     0  startup_stm32f10x_hd.o(.text)
    SPI3_IRQHandler                          0x080001e7   Thumb Code     0  startup_stm32f10x_hd.o(.text)
    TAMPER_IRQHandler                        0x080001e7   Thumb Code     0  startup_stm32f10x_hd.o(.text)
    TIM1_BRK_IRQHandler                      0x080001e7   Thumb Code     0  startup_stm32f10x_hd.o(.text)
    TIM1_CC_IRQHandler                       0x080001e7   Thumb Code     0  startup_stm32f10x_hd.o(.text)
    TIM1_TRG_COM_IRQHandler                  0x080001e7   Thumb Code     0  startup_stm32f10x_hd.o(.text)
    TIM1_UP_IRQHandler                       0x080001e7   Thumb Code     0  startup_stm32f10x_hd.o(.text)
    TIM2_IRQHandler                          0x080001e7   Thumb Code     0  startup_stm32f10x_hd.o(.text)
    TIM3_IRQHandler                          0x080001e7   Thumb Code     0  startup_stm32f10x_hd.o(.text)
    TIM4_IRQHandler                          0x080001e7   Thumb Code     0  startup_stm32f10x_hd.o(.text)
    TIM7_IRQHandler                          0x080001e7   Thumb Code     0  startup_stm32f10x_hd.o(.text)
    TIM8_BRK_IRQHandler                      0x080001e7   Thumb Code     0  startup_stm32f10x_hd.o(.text)
    TIM8_CC_IRQHandler                       0x080001e7   Thumb Code     0  startup_stm32f10x_hd.o(.text)
    TIM8_TRG_COM_IRQHandler                  0x080001e7   Thumb Code     0  startup_stm32f10x_hd.o(.text)
    TIM8_UP_IRQHandler                       0x080001e7   Thumb Code     0  startup_stm32f10x_hd.o(.text)
    UART4_IRQHandler                         0x080001e7   Thumb Code     0  startup_stm32f10x_hd.o(.text)
    UART5_IRQHandler                         0x080001e7   Thumb Code     0  startup_stm32f10x_hd.o(.text)
    USART2_IRQHandler                        0x080001e7   Thumb Code     0  startup_stm32f10x_hd.o(.text)
    USBWakeUp_IRQHandler                     0x080001e7   Thumb Code     0  startup_stm32f10x_hd.o(.text)
    USB_HP_CAN1_TX_IRQHandler                0x080001e7   Thumb Code     0  startup_stm32f10x_hd.o(.text)
    USB_LP_CAN1_RX0_IRQHandler               0x080001e7   Thumb Code     0  startup_stm32f10x_hd.o(.text)
    WWDG_IRQHandler                          0x080001e7   Thumb Code     0  startup_stm32f10x_hd.o(.text)
    __user_initial_stackheap                 0x080001e9   Thumb Code     0  startup_stm32f10x_hd.o(.text)
    __use_two_region_memory                  0x0800020d   Thumb Code     2  heapauxi.o(.text)
    __rt_heap_escrow$2region                 0x0800020f   Thumb Code     2  heapauxi.o(.text)
    __rt_heap_expand$2region                 0x08000211   Thumb Code     2  heapauxi.o(.text)
    __user_setup_stackheap                   0x08000213   Thumb Code    74  sys_stackheap_outer.o(.text)
    exit                                     0x0800025d   Thumb Code    18  exit.o(.text)
    __user_libspace                          0x08000271   Thumb Code     8  libspace.o(.text)
    __user_perproc_libspace                  0x08000271   Thumb Code     0  libspace.o(.text)
    __user_perthread_libspace                0x08000271   Thumb Code     0  libspace.o(.text)
    _sys_exit                                0x08000279   Thumb Code     8  sys_exit.o(.text)
    __I$use$semihosting                      0x08000285   Thumb Code     0  use_no_semi.o(.text)
    __use_no_semihosting_swi                 0x08000285   Thumb Code     2  use_no_semi.o(.text)
    ADC_Cmd                                  0x08000287   Thumb Code    22  stm32f10x_adc.o(i.ADC_Cmd)
    __semihosting_library_function           0x08000287   Thumb Code     0  indicate_semi.o(.text)
    ADC_DMACmd                               0x0800029d   Thumb Code    22  stm32f10x_adc.o(i.ADC_DMACmd)
    ADC_DMA_COnfig                           0x080002b5   Thumb Code   240  infrared.o(i.ADC_DMA_COnfig)
    ADC_GPIO_Config                          0x080003b1   Thumb Code    32  infrared.o(i.ADC_GPIO_Config)
    ADC_GetCalibrationStatus                 0x080003d5   Thumb Code    20  stm32f10x_adc.o(i.ADC_GetCalibrationStatus)
    ADC_GetResetCalibrationStatus            0x080003e9   Thumb Code    20  stm32f10x_adc.o(i.ADC_GetResetCalibrationStatus)
    ADC_Init                                 0x080003fd   Thumb Code    70  stm32f10x_adc.o(i.ADC_Init)
    ADC_RegularChannelConfig                 0x0800044d   Thumb Code   184  stm32f10x_adc.o(i.ADC_RegularChannelConfig)
    ADC_ResetCalibration                     0x08000505   Thumb Code    10  stm32f10x_adc.o(i.ADC_ResetCalibration)
    ADC_SoftwareStartConvCmd                 0x0800050f   Thumb Code    22  stm32f10x_adc.o(i.ADC_SoftwareStartConvCmd)
    ADC_StartCalibration                     0x08000525   Thumb Code    10  stm32f10x_adc.o(i.ADC_StartCalibration)
    BATTERY_STATE_Rx_DMA_Config              0x08000531   Thumb Code   102  battery_state_read.o(i.BATTERY_STATE_Rx_DMA_Config)
    BATTERY_STATE_USART_Init                 0x080005a1   Thumb Code   166  battery_state_read.o(i.BATTERY_STATE_USART_Init)
    BusFault_Handler                         0x08000651   Thumb Code     4  stm32f10x_it.o(i.BusFault_Handler)
    Charge_Data_Pack                         0x08000655   Thumb Code   678  charge_232_usart.o(i.Charge_Data_Pack)
    DMA_Cmd                                  0x08000925   Thumb Code    24  stm32f10x_dma.o(i.DMA_Cmd)
    DMA_DeInit                               0x0800093d   Thumb Code   324  stm32f10x_dma.o(i.DMA_DeInit)
    DMA_GetCurrDataCounter                   0x08000a89   Thumb Code     8  stm32f10x_dma.o(i.DMA_GetCurrDataCounter)
    DMA_Init                                 0x08000a91   Thumb Code    60  stm32f10x_dma.o(i.DMA_Init)
    DMA_SetCurrDataCounter                   0x08000acd   Thumb Code     4  stm32f10x_dma.o(i.DMA_SetCurrDataCounter)
    DebugMon_Handler                         0x08000ad1   Thumb Code     2  stm32f10x_it.o(i.DebugMon_Handler)
    GPIO_Init                                0x08000ad3   Thumb Code   278  stm32f10x_gpio.o(i.GPIO_Init)
    HardFault_Handler                        0x08000be9   Thumb Code     4  stm32f10x_it.o(i.HardFault_Handler)
    MemManage_Handler                        0x08000bed   Thumb Code     4  stm32f10x_it.o(i.MemManage_Handler)
    NMI_Handler                              0x08000bf1   Thumb Code     2  stm32f10x_it.o(i.NMI_Handler)
    NVIC_Init                                0x08000bf5   Thumb Code   100  misc.o(i.NVIC_Init)
    NVIC_PriorityGroupConfig                 0x08000c65   Thumb Code    10  misc.o(i.NVIC_PriorityGroupConfig)
    PendSV_Handler                           0x08000c79   Thumb Code     2  stm32f10x_it.o(i.PendSV_Handler)
    RCC_ADCCLKConfig                         0x08000c7d   Thumb Code    18  stm32f10x_rcc.o(i.RCC_ADCCLKConfig)
    RCC_AHBPeriphClockCmd                    0x08000c95   Thumb Code    26  stm32f10x_rcc.o(i.RCC_AHBPeriphClockCmd)
    RCC_APB1PeriphClockCmd                   0x08000cb5   Thumb Code    26  stm32f10x_rcc.o(i.RCC_APB1PeriphClockCmd)
    RCC_APB2PeriphClockCmd                   0x08000cd5   Thumb Code    26  stm32f10x_rcc.o(i.RCC_APB2PeriphClockCmd)
    RCC_GetClocksFreq                        0x08000cf5   Thumb Code   192  stm32f10x_rcc.o(i.RCC_GetClocksFreq)
    ROS_USB_USART_Init                       0x08000dc9   Thumb Code   166  ros_usb_usart.o(i.ROS_USB_USART_Init)
    ROS_USB_USART_Send_byte                  0x08000e79   Thumb Code    36  ros_usb_usart.o(i.ROS_USB_USART_Send_byte)
    ROS_USB_USART_Send_msg                   0x08000ea1   Thumb Code    28  ros_usb_usart.o(i.ROS_USB_USART_Send_msg)
    SVC_Handler                              0x08000ebd   Thumb Code     2  stm32f10x_it.o(i.SVC_Handler)
    Send_SCIA                                0x08000ec1   Thumb Code    42  charge_232_usart.o(i.Send_SCIA)
    State_Translate                          0x08000fdd   Thumb Code   310  main_task.o(i.State_Translate)
    SysTick_CLKSourceConfig                  0x08001135   Thumb Code    40  misc.o(i.SysTick_CLKSourceConfig)
    SysTick_Handler                          0x0800115d   Thumb Code     2  stm32f10x_it.o(i.SysTick_Handler)
    SystemInit                               0x08001161   Thumb Code    78  system_stm32f10x.o(i.SystemInit)
    TIM5_IRQHandler                          0x080011c1   Thumb Code    56  main_task_tim.o(i.TIM5_IRQHandler)
    TIM6_IRQHandler                          0x08001201   Thumb Code    32  supersonic.o(i.TIM6_IRQHandler)
    TIM_ClearITPendingBit                    0x08001229   Thumb Code     6  stm32f10x_tim.o(i.TIM_ClearITPendingBit)
    TIM_Cmd                                  0x0800122f   Thumb Code    24  stm32f10x_tim.o(i.TIM_Cmd)
    TIM_GetITStatus                          0x08001247   Thumb Code    34  stm32f10x_tim.o(i.TIM_GetITStatus)
    USART1_IRQHandler                        0x08001269   Thumb Code    74  ros_usb_usart.o(i.USART1_IRQHandler)
    USART2_Send_Byte                         0x080012c5   Thumb Code    28  charge_232_usart.o(i.USART2_Send_Byte)
    USART3_IRQHandler                        0x080012e5   Thumb Code    68  battery_state_read.o(i.USART3_IRQHandler)
    USART_ClearFlag                          0x08001335   Thumb Code    18  stm32f10x_usart.o(i.USART_ClearFlag)
    USART_Cmd                                0x08001347   Thumb Code    24  stm32f10x_usart.o(i.USART_Cmd)
    USART_DMACmd                             0x0800135f   Thumb Code    18  stm32f10x_usart.o(i.USART_DMACmd)
    USART_GetFlagStatus                      0x08001371   Thumb Code    26  stm32f10x_usart.o(i.USART_GetFlagStatus)
    USART_GetITStatus                        0x0800138b   Thumb Code    84  stm32f10x_usart.o(i.USART_GetITStatus)
    USART_ITConfig                           0x080013df   Thumb Code    74  stm32f10x_usart.o(i.USART_ITConfig)
    USART_Init                               0x08001429   Thumb Code   210  stm32f10x_usart.o(i.USART_Init)
    USART_ReceiveData                        0x08001501   Thumb Code    10  stm32f10x_usart.o(i.USART_ReceiveData)
    USART_SendData                           0x0800150b   Thumb Code     8  stm32f10x_usart.o(i.USART_SendData)
    UsageFault_Handler                       0x08001513   Thumb Code     4  stm32f10x_it.o(i.UsageFault_Handler)
    data_refresh                             0x08001519   Thumb Code   218  main_task.o(i.data_refresh)
    delay_init                               0x08001619   Thumb Code    50  delay.o(i.delay_init)
    delay_ms                                 0x0800165d   Thumb Code    56  delay.o(i.delay_ms)
    delay_us                                 0x08001695   Thumb Code    72  delay.o(i.delay_us)
    delay_xms                                0x080016e1   Thumb Code    72  delay.o(i.delay_xms)
    main                                     0x0800172d   Thumb Code   284  main.o(i.main)
    usart2_init                              0x0800187d   Thumb Code   166  charge_232_usart.o(i.usart2_init)
    __aeabi_d2f                              0x0800192d   Thumb Code     0  d2f.o(x$fpl$d2f)
    _d2f                                     0x0800192d   Thumb Code    98  d2f.o(x$fpl$d2f)
    __fpl_dcmp_Inf                           0x0800198f   Thumb Code    24  dcmpi.o(x$fpl$dcmpinf)
    __aeabi_ddiv                             0x080019a9   Thumb Code     0  ddiv.o(x$fpl$ddiv)
    _ddiv                                    0x080019a9   Thumb Code   552  ddiv.o(x$fpl$ddiv)
    __aeabi_i2d                              0x08001c59   Thumb Code     0  dflt_clz.o(x$fpl$dflt)
    _dflt                                    0x08001c59   Thumb Code    46  dflt_clz.o(x$fpl$dflt)
    __aeabi_cdcmple                          0x08001c89   Thumb Code     0  dleqf.o(x$fpl$dleqf)
    _dcmple                                  0x08001c89   Thumb Code   120  dleqf.o(x$fpl$dleqf)
    __fpl_dcmple_InfNaN                      0x08001ceb   Thumb Code     0  dleqf.o(x$fpl$dleqf)
    __aeabi_dmul                             0x08001d01   Thumb Code     0  dmul.o(x$fpl$dmul)
    _dmul                                    0x08001d01   Thumb Code   332  dmul.o(x$fpl$dmul)
    __fpl_dnaninf                            0x08001e55   Thumb Code   156  dnaninf.o(x$fpl$dnaninf)
    __fpl_dretinf                            0x08001ef1   Thumb Code    12  dretinf.o(x$fpl$dretinf)
    __aeabi_cdrcmple                         0x08001efd   Thumb Code     0  drleqf.o(x$fpl$drleqf)
    _drcmple                                 0x08001efd   Thumb Code   108  drleqf.o(x$fpl$drleqf)
    __aeabi_f2d                              0x08001f69   Thumb Code     0  f2d.o(x$fpl$f2d)
    _f2d                                     0x08001f69   Thumb Code    86  f2d.o(x$fpl$f2d)
    __aeabi_fadd                             0x08001fc1   Thumb Code     0  faddsub_clz.o(x$fpl$fadd)
    _fadd                                    0x08001fc1   Thumb Code   196  faddsub_clz.o(x$fpl$fadd)
    __fpl_fcmp_Inf                           0x08002085   Thumb Code    24  fcmpi.o(x$fpl$fcmpinf)
    __aeabi_fdiv                             0x0800209d   Thumb Code     0  fdiv.o(x$fpl$fdiv)
    _fdiv                                    0x0800209d   Thumb Code   384  fdiv.o(x$fpl$fdiv)
    __aeabi_f2iz                             0x08002221   Thumb Code     0  ffix.o(x$fpl$ffix)
    _ffix                                    0x08002221   Thumb Code    54  ffix.o(x$fpl$ffix)
    __aeabi_ui2f                             0x08002259   Thumb Code     0  fflt_clz.o(x$fpl$ffltu)
    _ffltu                                   0x08002259   Thumb Code    38  fflt_clz.o(x$fpl$ffltu)
    __aeabi_cfcmple                          0x08002281   Thumb Code     0  fleqf.o(x$fpl$fleqf)
    _fcmple                                  0x08002281   Thumb Code   104  fleqf.o(x$fpl$fleqf)
    __fpl_fcmple_InfNaN                      0x080022d3   Thumb Code     0  fleqf.o(x$fpl$fleqf)
    __aeabi_fmul                             0x080022e9   Thumb Code     0  fmul.o(x$fpl$fmul)
    _fmul                                    0x080022e9   Thumb Code   258  fmul.o(x$fpl$fmul)
    __fpl_fnaninf                            0x080023eb   Thumb Code   140  fnaninf.o(x$fpl$fnaninf)
    __fpl_fretinf                            0x08002477   Thumb Code    10  fretinf.o(x$fpl$fretinf)
    __aeabi_cfrcmple                         0x08002481   Thumb Code     0  frleqf.o(x$fpl$frleqf)
    _frcmple                                 0x08002481   Thumb Code    98  frleqf.o(x$fpl$frleqf)
    __aeabi_frsub                            0x080024e3   Thumb Code     0  faddsub_clz.o(x$fpl$frsb)
    _frsb                                    0x080024e3   Thumb Code    20  faddsub_clz.o(x$fpl$frsb)
    __aeabi_fsub                             0x080024f9   Thumb Code     0  faddsub_clz.o(x$fpl$fsub)
    _fsub                                    0x080024f9   Thumb Code   234  faddsub_clz.o(x$fpl$fsub)
    __I$use$fp                               0x080025e2   Number         0  usenofp.o(x$fpl$usenofp)
    Region$$Table$$Base                      0x080025e4   Number         0  anon$$obj.o(Region$$Table)
    Region$$Table$$Limit                     0x08002604   Number         0  anon$$obj.o(Region$$Table)
    SystemCoreClock                          0x20000000   Data           4  system_stm32f10x.o(.data)
    AHBPrescTable                            0x20000004   Data          16  system_stm32f10x.o(.data)
    ultroNum                                 0x2000002c   Data           4  supersonic.o(.data)
    supersonic_trig_addr                     0x20000030   Data          24  supersonic.o(.data)
    supersonic_echo_addr                     0x20000048   Data          24  supersonic.o(.data)
    ultroCount                               0x20000060   Data           4  supersonic.o(.data)
    IsUltroWrong                             0x20000064   Data           1  supersonic.o(.data)
    ultrasonic_ALLOW                         0x20000065   Data           1  supersonic.o(.data)
    maxTime                                  0x20000068   Data           4  supersonic.o(.data)
    msCount                                  0x2000006c   Data           4  supersonic.o(.data)
    agv_control_state                        0x20000070   Data           1  main_task.o(.data)
    Ros_Input_Mode                           0x20000071   Data           1  main_task.o(.data)
    al_send_flag                             0x20000072   Data           1  main_task.o(.data)
    count                                    0x20000074   Data           2  main_task_tim.o(.data)
    ros_rdata_len                            0x20000076   Data           2  ros_usb_usart.o(.data)
    ans_msg                                  0x20000078   Data           5  ros_usb_usart.o(.data)
    ros_rec_flag                             0x2000007d   Data           1  ros_usb_usart.o(.data)
    rIndex1                                  0x20000080   Data           1  charge_232_usart.o(.data)
    sIndexA                                  0x20000081   Data           1  charge_232_usart.o(.data)
    batrSOC                                  0x20000082   Data           8  charge_232_usart.o(.data)
    positionXY                               0x2000008a   Data           4  charge_232_usart.o(.data)
    addrs                                    0x2000008e   Data           4  charge_232_usart.o(.data)
    charge_mode                              0x20000092   Data           1  charge_232_usart.o(.data)
    Uref                                     0x20000094   Data           4  charge_232_usart.o(.data)
    Iref                                     0x20000098   Data           4  charge_232_usart.o(.data)
    handleflag1                              0x2000009c   Data           1  charge_232_usart.o(.data)
    infoRecv                                 0x2000009d   Data          10  charge_232_usart.o(.data)
    chgmode                                  0x200000a7   Data           3  charge_232_usart.o(.data)
    temp_comm                                0x200000aa   Data           1  charge_232_usart.o(.data)
    flag                                     0x200000ab   Data           1  battery_state_read.o(.data)
    send_data                                0x200000ac   Data           8  battery_state_read.o(.data)
    result                                   0x200000b4   Data           4  infrared.o(.data)
    ADCConvertedValue                        0x200000b8   Data           2  infrared.o(.data)
    voltage                                  0x200000bc   Data          24  main.o(.bss)
    ros_rdata                                0x200000d4   Data         200  ros_usb_usart.o(.bss)
    rData1                                   0x2000019c   Data          30  charge_232_usart.o(.bss)
    rData2                                   0x200001ba   Data          30  charge_232_usart.o(.bss)
    sdataA                                   0x200001d8   Data          30  charge_232_usart.o(.bss)
    battery_data                             0x200001f6   Data          20  battery_state_read.o(.bss)
    __libspace_start                         0x2000020c   Data          96  libspace.o(.bss)
    __temporary_stack_top$libspace           0x2000026c   Data           0  libspace.o(.bss)



==============================================================================

Memory Map of the image

  Image Entry point : 0x08000131

  Load Region LR_IROM1 (Base: 0x08000000, Size: 0x000026c0, Max: 0x00080000, ABSOLUTE)

    Execution Region ER_IROM1 (Exec base: 0x08000000, Load base: 0x08000000, Size: 0x00002604, Max: 0x00080000, ABSOLUTE)

    Exec Addr    Load Addr    Size         Type   Attr      Idx    E Section Name        Object

    0x08000000   0x08000000   0x00000130   Data   RO            3    RESET               startup_stm32f10x_hd.o
    0x08000130   0x08000130   0x00000008   Code   RO         3620  * !!!main             c_w.l(__main.o)
    0x08000138   0x08000138   0x00000034   Code   RO         3840    !!!scatter          c_w.l(__scatter.o)
    0x0800016c   0x0800016c   0x0000001a   Code   RO         3842    !!handler_copy      c_w.l(__scatter_copy.o)
    0x08000186   0x08000186   0x00000002   PAD
    0x08000188   0x08000188   0x0000001c   Code   RO         3844    !!handler_zi        c_w.l(__scatter_zi.o)
    0x080001a4   0x080001a4   0x00000002   Code   RO         3710    .ARM.Collect$$libinit$$00000000  c_w.l(libinit.o)
    0x080001a6   0x080001a6   0x00000000   Code   RO         3717    .ARM.Collect$$libinit$$00000002  c_w.l(libinit2.o)
    0x080001a6   0x080001a6   0x00000000   Code   RO         3719    .ARM.Collect$$libinit$$00000004  c_w.l(libinit2.o)
    0x080001a6   0x080001a6   0x00000000   Code   RO         3722    .ARM.Collect$$libinit$$0000000A  c_w.l(libinit2.o)
    0x080001a6   0x080001a6   0x00000000   Code   RO         3724    .ARM.Collect$$libinit$$0000000C  c_w.l(libinit2.o)
    0x080001a6   0x080001a6   0x00000000   Code   RO         3726    .ARM.Collect$$libinit$$0000000E  c_w.l(libinit2.o)
    0x080001a6   0x080001a6   0x00000000   Code   RO         3729    .ARM.Collect$$libinit$$00000011  c_w.l(libinit2.o)
    0x080001a6   0x080001a6   0x00000000   Code   RO         3731    .ARM.Collect$$libinit$$00000013  c_w.l(libinit2.o)
    0x080001a6   0x080001a6   0x00000000   Code   RO         3733    .ARM.Collect$$libinit$$00000015  c_w.l(libinit2.o)
    0x080001a6   0x080001a6   0x00000000   Code   RO         3735    .ARM.Collect$$libinit$$00000017  c_w.l(libinit2.o)
    0x080001a6   0x080001a6   0x00000000   Code   RO         3737    .ARM.Collect$$libinit$$00000019  c_w.l(libinit2.o)
    0x080001a6   0x080001a6   0x00000000   Code   RO         3739    .ARM.Collect$$libinit$$0000001B  c_w.l(libinit2.o)
    0x080001a6   0x080001a6   0x00000000   Code   RO         3741    .ARM.Collect$$libinit$$0000001D  c_w.l(libinit2.o)
    0x080001a6   0x080001a6   0x00000000   Code   RO         3743    .ARM.Collect$$libinit$$0000001F  c_w.l(libinit2.o)
    0x080001a6   0x080001a6   0x00000000   Code   RO         3745    .ARM.Collect$$libinit$$00000021  c_w.l(libinit2.o)
    0x080001a6   0x080001a6   0x00000000   Code   RO         3747    .ARM.Collect$$libinit$$00000023  c_w.l(libinit2.o)
    0x080001a6   0x080001a6   0x00000000   Code   RO         3749    .ARM.Collect$$libinit$$00000025  c_w.l(libinit2.o)
    0x080001a6   0x080001a6   0x00000000   Code   RO         3753    .ARM.Collect$$libinit$$0000002C  c_w.l(libinit2.o)
    0x080001a6   0x080001a6   0x00000000   Code   RO         3755    .ARM.Collect$$libinit$$0000002E  c_w.l(libinit2.o)
    0x080001a6   0x080001a6   0x00000000   Code   RO         3757    .ARM.Collect$$libinit$$00000030  c_w.l(libinit2.o)
    0x080001a6   0x080001a6   0x00000000   Code   RO         3759    .ARM.Collect$$libinit$$00000032  c_w.l(libinit2.o)
    0x080001a6   0x080001a6   0x00000002   Code   RO         3760    .ARM.Collect$$libinit$$00000033  c_w.l(libinit2.o)
    0x080001a8   0x080001a8   0x00000002   Code   RO         3780    .ARM.Collect$$libshutdown$$00000000  c_w.l(libshutdown.o)
    0x080001aa   0x080001aa   0x00000000   Code   RO         3793    .ARM.Collect$$libshutdown$$00000002  c_w.l(libshutdown2.o)
    0x080001aa   0x080001aa   0x00000000   Code   RO         3795    .ARM.Collect$$libshutdown$$00000004  c_w.l(libshutdown2.o)
    0x080001aa   0x080001aa   0x00000000   Code   RO         3798    .ARM.Collect$$libshutdown$$00000007  c_w.l(libshutdown2.o)
    0x080001aa   0x080001aa   0x00000000   Code   RO         3801    .ARM.Collect$$libshutdown$$0000000A  c_w.l(libshutdown2.o)
    0x080001aa   0x080001aa   0x00000000   Code   RO         3803    .ARM.Collect$$libshutdown$$0000000C  c_w.l(libshutdown2.o)
    0x080001aa   0x080001aa   0x00000000   Code   RO         3806    .ARM.Collect$$libshutdown$$0000000F  c_w.l(libshutdown2.o)
    0x080001aa   0x080001aa   0x00000002   Code   RO         3807    .ARM.Collect$$libshutdown$$00000010  c_w.l(libshutdown2.o)
    0x080001ac   0x080001ac   0x00000000   Code   RO         3668    .ARM.Collect$$rtentry$$00000000  c_w.l(__rtentry.o)
    0x080001ac   0x080001ac   0x00000000   Code   RO         3683    .ARM.Collect$$rtentry$$00000002  c_w.l(__rtentry2.o)
    0x080001ac   0x080001ac   0x00000006   Code   RO         3695    .ARM.Collect$$rtentry$$00000004  c_w.l(__rtentry4.o)
    0x080001b2   0x080001b2   0x00000000   Code   RO         3685    .ARM.Collect$$rtentry$$00000009  c_w.l(__rtentry2.o)
    0x080001b2   0x080001b2   0x00000004   Code   RO         3686    .ARM.Collect$$rtentry$$0000000A  c_w.l(__rtentry2.o)
    0x080001b6   0x080001b6   0x00000000   Code   RO         3688    .ARM.Collect$$rtentry$$0000000C  c_w.l(__rtentry2.o)
    0x080001b6   0x080001b6   0x00000008   Code   RO         3689    .ARM.Collect$$rtentry$$0000000D  c_w.l(__rtentry2.o)
    0x080001be   0x080001be   0x00000002   Code   RO         3714    .ARM.Collect$$rtexit$$00000000  c_w.l(rtexit.o)
    0x080001c0   0x080001c0   0x00000000   Code   RO         3762    .ARM.Collect$$rtexit$$00000002  c_w.l(rtexit2.o)
    0x080001c0   0x080001c0   0x00000004   Code   RO         3763    .ARM.Collect$$rtexit$$00000003  c_w.l(rtexit2.o)
    0x080001c4   0x080001c4   0x00000006   Code   RO         3764    .ARM.Collect$$rtexit$$00000004  c_w.l(rtexit2.o)
    0x080001ca   0x080001ca   0x00000002   PAD
    0x080001cc   0x080001cc   0x00000040   Code   RO            4    .text               startup_stm32f10x_hd.o
    0x0800020c   0x0800020c   0x00000006   Code   RO         3618    .text               c_w.l(heapauxi.o)
    0x08000212   0x08000212   0x0000004a   Code   RO         3701    .text               c_w.l(sys_stackheap_outer.o)
    0x0800025c   0x0800025c   0x00000012   Code   RO         3703    .text               c_w.l(exit.o)
    0x0800026e   0x0800026e   0x00000002   PAD
    0x08000270   0x08000270   0x00000008   Code   RO         3711    .text               c_w.l(libspace.o)
    0x08000278   0x08000278   0x0000000c   Code   RO         3772    .text               c_w.l(sys_exit.o)
    0x08000284   0x08000284   0x00000002   Code   RO         3783    .text               c_w.l(use_no_semi.o)
    0x08000286   0x08000286   0x00000000   Code   RO         3785    .text               c_w.l(indicate_semi.o)
    0x08000286   0x08000286   0x00000016   Code   RO          183    i.ADC_Cmd           stm32f10x_adc.o
    0x0800029c   0x0800029c   0x00000016   Code   RO          184    i.ADC_DMACmd        stm32f10x_adc.o
    0x080002b2   0x080002b2   0x00000002   PAD
    0x080002b4   0x080002b4   0x000000fc   Code   RO         3567    i.ADC_DMA_COnfig    infrared.o
    0x080003b0   0x080003b0   0x00000024   Code   RO         3569    i.ADC_GPIO_Config   infrared.o
    0x080003d4   0x080003d4   0x00000014   Code   RO          191    i.ADC_GetCalibrationStatus  stm32f10x_adc.o
    0x080003e8   0x080003e8   0x00000014   Code   RO          197    i.ADC_GetResetCalibrationStatus  stm32f10x_adc.o
    0x080003fc   0x080003fc   0x00000050   Code   RO          201    i.ADC_Init          stm32f10x_adc.o
    0x0800044c   0x0800044c   0x000000b8   Code   RO          205    i.ADC_RegularChannelConfig  stm32f10x_adc.o
    0x08000504   0x08000504   0x0000000a   Code   RO          206    i.ADC_ResetCalibration  stm32f10x_adc.o
    0x0800050e   0x0800050e   0x00000016   Code   RO          208    i.ADC_SoftwareStartConvCmd  stm32f10x_adc.o
    0x08000524   0x08000524   0x0000000a   Code   RO          210    i.ADC_StartCalibration  stm32f10x_adc.o
    0x0800052e   0x0800052e   0x00000002   PAD
    0x08000530   0x08000530   0x00000070   Code   RO         3518    i.BATTERY_STATE_Rx_DMA_Config  battery_state_read.o
    0x080005a0   0x080005a0   0x000000b0   Code   RO         3519    i.BATTERY_STATE_USART_Init  battery_state_read.o
    0x08000650   0x08000650   0x00000004   Code   RO         3108    i.BusFault_Handler  stm32f10x_it.o
    0x08000654   0x08000654   0x000002d0   Code   RO         3475    i.Charge_Data_Pack  charge_232_usart.o
    0x08000924   0x08000924   0x00000018   Code   RO          868    i.DMA_Cmd           stm32f10x_dma.o
    0x0800093c   0x0800093c   0x0000014c   Code   RO          869    i.DMA_DeInit        stm32f10x_dma.o
    0x08000a88   0x08000a88   0x00000008   Code   RO          870    i.DMA_GetCurrDataCounter  stm32f10x_dma.o
    0x08000a90   0x08000a90   0x0000003c   Code   RO          874    i.DMA_Init          stm32f10x_dma.o
    0x08000acc   0x08000acc   0x00000004   Code   RO          875    i.DMA_SetCurrDataCounter  stm32f10x_dma.o
    0x08000ad0   0x08000ad0   0x00000002   Code   RO         3109    i.DebugMon_Handler  stm32f10x_it.o
    0x08000ad2   0x08000ad2   0x00000116   Code   RO         1292    i.GPIO_Init         stm32f10x_gpio.o
    0x08000be8   0x08000be8   0x00000004   Code   RO         3110    i.HardFault_Handler  stm32f10x_it.o
    0x08000bec   0x08000bec   0x00000004   Code   RO         3111    i.MemManage_Handler  stm32f10x_it.o
    0x08000bf0   0x08000bf0   0x00000002   Code   RO         3112    i.NMI_Handler       stm32f10x_it.o
    0x08000bf2   0x08000bf2   0x00000002   PAD
    0x08000bf4   0x08000bf4   0x00000070   Code   RO          137    i.NVIC_Init         misc.o
    0x08000c64   0x08000c64   0x00000014   Code   RO          138    i.NVIC_PriorityGroupConfig  misc.o
    0x08000c78   0x08000c78   0x00000002   Code   RO         3113    i.PendSV_Handler    stm32f10x_it.o
    0x08000c7a   0x08000c7a   0x00000002   PAD
    0x08000c7c   0x08000c7c   0x00000018   Code   RO         1706    i.RCC_ADCCLKConfig  stm32f10x_rcc.o
    0x08000c94   0x08000c94   0x00000020   Code   RO         1707    i.RCC_AHBPeriphClockCmd  stm32f10x_rcc.o
    0x08000cb4   0x08000cb4   0x00000020   Code   RO         1708    i.RCC_APB1PeriphClockCmd  stm32f10x_rcc.o
    0x08000cd4   0x08000cd4   0x00000020   Code   RO         1710    i.RCC_APB2PeriphClockCmd  stm32f10x_rcc.o
    0x08000cf4   0x08000cf4   0x000000d4   Code   RO         1718    i.RCC_GetClocksFreq  stm32f10x_rcc.o
    0x08000dc8   0x08000dc8   0x000000b0   Code   RO         3438    i.ROS_USB_USART_Init  ros_usb_usart.o
    0x08000e78   0x08000e78   0x00000028   Code   RO         3439    i.ROS_USB_USART_Send_byte  ros_usb_usart.o
    0x08000ea0   0x08000ea0   0x0000001c   Code   RO         3440    i.ROS_USB_USART_Send_msg  ros_usb_usart.o
    0x08000ebc   0x08000ebc   0x00000002   Code   RO         3114    i.SVC_Handler       stm32f10x_it.o
    0x08000ebe   0x08000ebe   0x00000002   PAD
    0x08000ec0   0x08000ec0   0x00000034   Code   RO         3476    i.Send_SCIA         charge_232_usart.o
    0x08000ef4   0x08000ef4   0x00000008   Code   RO           24    i.SetSysClock       system_stm32f10x.o
    0x08000efc   0x08000efc   0x000000e0   Code   RO           25    i.SetSysClockTo72   system_stm32f10x.o
    0x08000fdc   0x08000fdc   0x00000158   Code   RO         3385    i.State_Translate   main_task.o
    0x08001134   0x08001134   0x00000028   Code   RO          141    i.SysTick_CLKSourceConfig  misc.o
    0x0800115c   0x0800115c   0x00000002   Code   RO         3115    i.SysTick_Handler   stm32f10x_it.o
    0x0800115e   0x0800115e   0x00000002   PAD
    0x08001160   0x08001160   0x00000060   Code   RO           27    i.SystemInit        system_stm32f10x.o
    0x080011c0   0x080011c0   0x00000040   Code   RO         3415    i.TIM5_IRQHandler   main_task_tim.o
    0x08001200   0x08001200   0x00000028   Code   RO         3330    i.TIM6_IRQHandler   supersonic.o
    0x08001228   0x08001228   0x00000006   Code   RO         2337    i.TIM_ClearITPendingBit  stm32f10x_tim.o
    0x0800122e   0x0800122e   0x00000018   Code   RO         2342    i.TIM_Cmd           stm32f10x_tim.o
    0x08001246   0x08001246   0x00000022   Code   RO         2363    i.TIM_GetITStatus   stm32f10x_tim.o
    0x08001268   0x08001268   0x0000005c   Code   RO         3441    i.USART1_IRQHandler  ros_usb_usart.o
    0x080012c4   0x080012c4   0x00000020   Code   RO         3477    i.USART2_Send_Byte  charge_232_usart.o
    0x080012e4   0x080012e4   0x00000050   Code   RO         3522    i.USART3_IRQHandler  battery_state_read.o
    0x08001334   0x08001334   0x00000012   Code   RO         2874    i.USART_ClearFlag   stm32f10x_usart.o
    0x08001346   0x08001346   0x00000018   Code   RO         2878    i.USART_Cmd         stm32f10x_usart.o
    0x0800135e   0x0800135e   0x00000012   Code   RO         2879    i.USART_DMACmd      stm32f10x_usart.o
    0x08001370   0x08001370   0x0000001a   Code   RO         2881    i.USART_GetFlagStatus  stm32f10x_usart.o
    0x0800138a   0x0800138a   0x00000054   Code   RO         2882    i.USART_GetITStatus  stm32f10x_usart.o
    0x080013de   0x080013de   0x0000004a   Code   RO         2884    i.USART_ITConfig    stm32f10x_usart.o
    0x08001428   0x08001428   0x000000d8   Code   RO         2885    i.USART_Init        stm32f10x_usart.o
    0x08001500   0x08001500   0x0000000a   Code   RO         2892    i.USART_ReceiveData  stm32f10x_usart.o
    0x0800150a   0x0800150a   0x00000008   Code   RO         2895    i.USART_SendData    stm32f10x_usart.o
    0x08001512   0x08001512   0x00000004   Code   RO         3116    i.UsageFault_Handler  stm32f10x_it.o
    0x08001516   0x08001516   0x00000002   PAD
    0x08001518   0x08001518   0x00000100   Code   RO         3386    i.data_refresh      main_task.o
    0x08001618   0x08001618   0x00000044   Code   RO         3176    i.delay_init        delay.o
    0x0800165c   0x0800165c   0x00000038   Code   RO         3177    i.delay_ms          delay.o
    0x08001694   0x08001694   0x0000004c   Code   RO         3178    i.delay_us          delay.o
    0x080016e0   0x080016e0   0x0000004c   Code   RO         3179    i.delay_xms         delay.o
    0x0800172c   0x0800172c   0x00000150   Code   RO         3287    i.main              main.o
    0x0800187c   0x0800187c   0x000000b0   Code   RO         3479    i.usart2_init       charge_232_usart.o
    0x0800192c   0x0800192c   0x00000062   Code   RO         3622    x$fpl$d2f           fz_ws.l(d2f.o)
    0x0800198e   0x0800198e   0x00000018   Code   RO         3697    x$fpl$dcmpinf       fz_ws.l(dcmpi.o)
    0x080019a6   0x080019a6   0x00000002   PAD
    0x080019a8   0x080019a8   0x000002b0   Code   RO         3625    x$fpl$ddiv          fz_ws.l(ddiv.o)
    0x08001c58   0x08001c58   0x0000002e   Code   RO         3633    x$fpl$dflt          fz_ws.l(dflt_clz.o)
    0x08001c86   0x08001c86   0x00000002   PAD
    0x08001c88   0x08001c88   0x00000078   Code   RO         3669    x$fpl$dleqf         fz_ws.l(dleqf.o)
    0x08001d00   0x08001d00   0x00000154   Code   RO         3638    x$fpl$dmul          fz_ws.l(dmul.o)
    0x08001e54   0x08001e54   0x0000009c   Code   RO         3671    x$fpl$dnaninf       fz_ws.l(dnaninf.o)
    0x08001ef0   0x08001ef0   0x0000000c   Code   RO         3673    x$fpl$dretinf       fz_ws.l(dretinf.o)
    0x08001efc   0x08001efc   0x0000006c   Code   RO         3640    x$fpl$drleqf        fz_ws.l(drleqf.o)
    0x08001f68   0x08001f68   0x00000056   Code   RO         3642    x$fpl$f2d           fz_ws.l(f2d.o)
    0x08001fbe   0x08001fbe   0x00000002   PAD
    0x08001fc0   0x08001fc0   0x000000c4   Code   RO         3644    x$fpl$fadd          fz_ws.l(faddsub_clz.o)
    0x08002084   0x08002084   0x00000018   Code   RO         3699    x$fpl$fcmpinf       fz_ws.l(fcmpi.o)
    0x0800209c   0x0800209c   0x00000184   Code   RO         3651    x$fpl$fdiv          fz_ws.l(fdiv.o)
    0x08002220   0x08002220   0x00000036   Code   RO         3654    x$fpl$ffix          fz_ws.l(ffix.o)
    0x08002256   0x08002256   0x00000002   PAD
    0x08002258   0x08002258   0x00000026   Code   RO         3658    x$fpl$ffltu         fz_ws.l(fflt_clz.o)
    0x0800227e   0x0800227e   0x00000002   PAD
    0x08002280   0x08002280   0x00000068   Code   RO         3675    x$fpl$fleqf         fz_ws.l(fleqf.o)
    0x080022e8   0x080022e8   0x00000102   Code   RO         3664    x$fpl$fmul          fz_ws.l(fmul.o)
    0x080023ea   0x080023ea   0x0000008c   Code   RO         3677    x$fpl$fnaninf       fz_ws.l(fnaninf.o)
    0x08002476   0x08002476   0x0000000a   Code   RO         3679    x$fpl$fretinf       fz_ws.l(fretinf.o)
    0x08002480   0x08002480   0x00000062   Code   RO         3666    x$fpl$frleqf        fz_ws.l(frleqf.o)
    0x080024e2   0x080024e2   0x00000014   Code   RO         3645    x$fpl$frsb          fz_ws.l(faddsub_clz.o)
    0x080024f6   0x080024f6   0x00000002   PAD
    0x080024f8   0x080024f8   0x000000ea   Code   RO         3646    x$fpl$fsub          fz_ws.l(faddsub_clz.o)
    0x080025e2   0x080025e2   0x00000000   Code   RO         3681    x$fpl$usenofp       fz_ws.l(usenofp.o)
    0x080025e2   0x080025e2   0x00000002   PAD
    0x080025e4   0x080025e4   0x00000020   Data   RO         3838    Region$$Table       anon$$obj.o


    Execution Region RW_IRAM1 (Exec base: 0x20000000, Load base: 0x08002604, Size: 0x00000870, Max: 0x00010000, ABSOLUTE)

    Exec Addr    Load Addr    Size         Type   Attr      Idx    E Section Name        Object

    0x20000000   0x08002604   0x00000014   Data   RW           28    .data               system_stm32f10x.o
    0x20000014   0x08002618   0x00000014   Data   RW         1738    .data               stm32f10x_rcc.o
    0x20000028   0x0800262c   0x00000004   Data   RW         3180    .data               delay.o
    0x2000002c   0x08002630   0x00000044   Data   RW         3333    .data               supersonic.o
    0x20000070   0x08002674   0x00000003   Data   RW         3387    .data               main_task.o
    0x20000073   0x08002677   0x00000001   PAD
    0x20000074   0x08002678   0x00000002   Data   RW         3416    .data               main_task_tim.o
    0x20000076   0x0800267a   0x00000008   Data   RW         3443    .data               ros_usb_usart.o
    0x2000007e   0x08002682   0x00000002   PAD
    0x20000080   0x08002684   0x0000002b   Data   RW         3481    .data               charge_232_usart.o
    0x200000ab   0x080026af   0x00000009   Data   RW         3525    .data               battery_state_read.o
    0x200000b4   0x080026b8   0x00000006   Data   RW         3574    .data               infrared.o
    0x200000ba   0x080026be   0x00000002   PAD
    0x200000bc        -       0x00000018   Zero   RW         3288    .bss                main.o
    0x200000d4        -       0x000000c8   Zero   RW         3442    .bss                ros_usb_usart.o
    0x2000019c        -       0x0000005a   Zero   RW         3480    .bss                charge_232_usart.o
    0x200001f6        -       0x00000014   Zero   RW         3524    .bss                battery_state_read.o
    0x2000020a   0x080026be   0x00000002   PAD
    0x2000020c        -       0x00000060   Zero   RW         3712    .bss                c_w.l(libspace.o)
    0x2000026c   0x080026be   0x00000004   PAD
    0x20000270        -       0x00000200   Zero   RW            2    HEAP                startup_stm32f10x_hd.o
    0x20000470        -       0x00000400   Zero   RW            1    STACK               startup_stm32f10x_hd.o


==============================================================================

Image component sizes


      Code (inc. data)   RO Data    RW Data    ZI Data      Debug   Object Name

       368         32          0          9         20       2859   battery_state_read.o
       980         66          0         43         90       4377   charge_232_usart.o
         0          0          0          0          0       4508   core_cm3.o
       276         26          0          4          0       2367   delay.o
       288         16          0          6          0       2155   infrared.o
       336         52          0          0         24       1917   main.o
       600         72          0          3          0       1689   main_task.o
        64          8          0          2          0        746   main_task_tim.o
       172         22          0          0          0       2385   misc.o
       336         32          0          8        200       3223   ros_usb_usart.o
        64         26        304          0       1536        868   startup_stm32f10x_hd.o
       390         10          0          0          0       8013   stm32f10x_adc.o
       428          8          0          0          0       4960   stm32f10x_dma.o
       278          0          0          0          0       2196   stm32f10x_gpio.o
        26          0          0          0          0       3754   stm32f10x_it.o
       332         44          0         20          0       5993   stm32f10x_rcc.o
        64          0          0          0          0       2612   stm32f10x_tim.o
       478          6          0          0          0       7922   stm32f10x_usart.o
        40          8          0         68          0       1803   supersonic.o
       328         28          0         20          0     270037   system_stm32f10x.o

    ----------------------------------------------------------------------
      5862        456        336        188       1872     334384   Object Totals
         0          0         32          0          0          0   (incl. Generated)
        14          0          0          5          2          0   (incl. Padding)

    ----------------------------------------------------------------------

      Code (inc. data)   RO Data    RW Data    ZI Data      Debug   Library Member Name

         8          0          0          0          0         68   __main.o
         0          0          0          0          0          0   __rtentry.o
        12          0          0          0          0          0   __rtentry2.o
         6          0          0          0          0          0   __rtentry4.o
        52          8          0          0          0          0   __scatter.o
        26          0          0          0          0          0   __scatter_copy.o
        28          0          0          0          0          0   __scatter_zi.o
        18          0          0          0          0         80   exit.o
         6          0          0          0          0        152   heapauxi.o
         0          0          0          0          0          0   indicate_semi.o
         2          0          0          0          0          0   libinit.o
         2          0          0          0          0          0   libinit2.o
         2          0          0          0          0          0   libshutdown.o
         2          0          0          0          0          0   libshutdown2.o
         8          4          0          0         96         68   libspace.o
         2          0          0          0          0          0   rtexit.o
        10          0          0          0          0          0   rtexit2.o
        12          4          0          0          0         68   sys_exit.o
        74          0          0          0          0         80   sys_stackheap_outer.o
         2          0          0          0          0         68   use_no_semi.o
        98          4          0          0          0         92   d2f.o
        24          0          0          0          0         68   dcmpi.o
       688        140          0          0          0        208   ddiv.o
        46          0          0          0          0         68   dflt_clz.o
       120          4          0          0          0         92   dleqf.o
       340         12          0          0          0        104   dmul.o
       156          4          0          0          0         92   dnaninf.o
        12          0          0          0          0         68   dretinf.o
       108          0          0          0          0         80   drleqf.o
        86          4          0          0          0         84   f2d.o
       450          8          0          0          0        236   faddsub_clz.o
        24          0          0          0          0         68   fcmpi.o
       388         76          0          0          0         96   fdiv.o
        54          4          0          0          0         84   ffix.o
        38          0          0          0          0         68   fflt_clz.o
       104          4          0          0          0         84   fleqf.o
       258          4          0          0          0         84   fmul.o
       140          4          0          0          0         84   fnaninf.o
        10          0          0          0          0         68   fretinf.o
        98          0          0          0          0         68   frleqf.o
         0          0          0          0          0          0   usenofp.o

    ----------------------------------------------------------------------
      3534        284          0          0        100       2480   Library Totals
        20          0          0          0          4          0   (incl. Padding)

    ----------------------------------------------------------------------

      Code (inc. data)   RO Data    RW Data    ZI Data      Debug   Library Name

       272         16          0          0         96        584   c_w.l
      3242        268          0          0          0       1896   fz_ws.l

    ----------------------------------------------------------------------
      3534        284          0          0        100       2480   Library Totals

    ----------------------------------------------------------------------

==============================================================================


      Code (inc. data)   RO Data    RW Data    ZI Data      Debug   

      9396        740        336        188       1972     332180   Grand Totals
      9396        740        336        188       1972     332180   ELF Image Totals
      9396        740        336        188          0          0   ROM Totals

==============================================================================

    Total RO  Size (Code + RO Data)                 9732 (   9.50kB)
    Total RW  Size (RW Data + ZI Data)              2160 (   2.11kB)
    Total ROM Size (Code + RO Data + RW Data)       9920 (   9.69kB)

==============================================================================

